2025-01-13 09:42:21,296 107554 INFO ? odoo: Odoo version 17.0 
2025-01-13 09:42:21,296 107554 INFO ? odoo: Using configuration file at /home/nikita/Work/OdooProjects/Odoo1/conf/odoo.conf 
2025-01-13 09:42:21,296 107554 INFO ? odoo: addons paths: ['/home/nikita/Work/OdooProjects/Odoo1/odoo/odoo/addons', '/home/nikita/Work/OdooProjects/Odoo1/data/addons/17.0', '/home/nikita/Work/OdooProjects/Odoo1/odoo/addons', '/home/nikita/Work/OdooProjects/Odoo1/custom_addons'] 
2025-01-13 09:42:21,296 107554 INFO ? odoo: database: odoo@localhost:5432 
2025-01-13 09:42:21,406 107554 INFO ? odoo.addons.base.models.ir_actions_report: Will use the Wkhtmltopdf binary at /usr/bin/wkhtmltopdf 
2025-01-13 09:42:21,703 107554 INFO ? odoo.service.server: HTTP service (werkzeug) running on nikita:8069 
2025-01-13 09:43:00,015 107554 INFO ? odoo.service.server: Initiating shutdown 
2025-01-13 09:43:00,015 107554 INFO ? odoo.service.server: Hit CTRL-C again or send a second signal to force the shutdown. 
2025-01-13 09:43:00,239 107554 INFO ? odoo.sql_db: ConnectionPool(used=0/count=0/max=64): Closed 2 connections  
2025-01-13 09:54:07,713 127193 INFO ? odoo: Odoo version 17.0 
2025-01-13 09:54:07,714 127193 INFO ? odoo: Using configuration file at /home/nikita/Work/OdooProjects/Odoo1/conf/odoo.conf 
2025-01-13 09:54:07,714 127193 INFO ? odoo: addons paths: ['/home/nikita/Work/OdooProjects/Odoo1/odoo/odoo/addons', '/home/nikita/Work/OdooProjects/Odoo1/data/addons/17.0', '/home/nikita/Work/OdooProjects/Odoo1/odoo/addons', '/home/nikita/Work/OdooProjects/Odoo1/custom_addons'] 
2025-01-13 09:54:07,714 127193 INFO ? odoo: database: odoo@localhost:5432 
2025-01-13 09:54:07,775 127193 INFO ? odoo.addons.base.models.ir_actions_report: Will use the Wkhtmltopdf binary at /usr/bin/wkhtmltopdf 
2025-01-13 09:54:07,895 127193 INFO ? odoo.service.server: HTTP service (werkzeug) running on nikita:8069 
2025-01-13 09:54:34,044 127193 INFO ? werkzeug: 127.0.0.1 - - [13/Jan/2025 09:54:34] "GET / HTTP/1.1" 303 - 1 0.009 0.018
2025-01-13 09:54:34,062 127193 INFO ? werkzeug: 127.0.0.1 - - [13/Jan/2025 09:54:34] "GET /web HTTP/1.1" 303 - 2 0.002 0.013
2025-01-13 09:54:34,670 127193 INFO ? werkzeug: 127.0.0.1 - - [13/Jan/2025 09:54:34] "GET /web/database/selector HTTP/1.1" 200 - 6 0.038 0.566
2025-01-13 09:54:34,779 127193 INFO ? werkzeug: 127.0.0.1 - - [13/Jan/2025 09:54:34] "GET /web/static/lib/bootstrap/js/dist/dom/event-handler.js HTTP/1.1" 200 - 1 0.002 0.033
2025-01-13 09:54:34,779 127193 INFO ? werkzeug: 127.0.0.1 - - [13/Jan/2025 09:54:34] "GET /web/static/src/libs/fontawesome/css/font-awesome.css HTTP/1.1" 200 - 1 0.004 0.039
2025-01-13 09:54:34,779 127193 INFO ? werkzeug: 127.0.0.1 - - [13/Jan/2025 09:54:34] "GET /web/static/lib/bootstrap/js/dist/dom/selector-engine.js HTTP/1.1" 200 - 1 0.001 0.033
2025-01-13 09:54:34,779 127193 INFO ? werkzeug: 127.0.0.1 - - [13/Jan/2025 09:54:34] "GET /web/static/lib/bootstrap/js/dist/dom/data.js HTTP/1.1" 200 - 1 0.001 0.035
2025-01-13 09:54:34,780 127193 INFO ? werkzeug: 127.0.0.1 - - [13/Jan/2025 09:54:34] "GET /web/static/lib/bootstrap/dist/css/bootstrap.css HTTP/1.1" 200 - 1 0.001 0.037
2025-01-13 09:54:34,781 127193 INFO ? werkzeug: 127.0.0.1 - - [13/Jan/2025 09:54:34] "GET /web/static/lib/bootstrap/js/dist/dom/manipulator.js HTTP/1.1" 200 - 1 0.001 0.035
2025-01-13 09:54:34,814 127193 INFO ? werkzeug: 127.0.0.1 - - [13/Jan/2025 09:54:34] "GET /web/static/lib/bootstrap/js/dist/modal.js HTTP/1.1" 200 - 1 0.001 0.025
2025-01-13 09:54:34,814 127193 INFO ? werkzeug: 127.0.0.1 - - [13/Jan/2025 09:54:34] "GET /web/static/lib/bootstrap/js/dist/base-component.js HTTP/1.1" 200 - 1 0.001 0.025
2025-01-13 09:54:34,814 127193 INFO ? werkzeug: 127.0.0.1 - - [13/Jan/2025 09:54:34] "GET /web/static/img/logo2.png HTTP/1.1" 200 - 1 0.001 0.024
2025-01-13 09:54:34,816 127193 INFO ? werkzeug: 127.0.0.1 - - [13/Jan/2025 09:54:34] "GET /web/static/src/public/database_manager.js HTTP/1.1" 200 - 1 0.002 0.025
2025-01-13 09:54:35,085 127193 INFO ? werkzeug: 127.0.0.1 - - [13/Jan/2025 09:54:35] "GET /web/static/img/favicon.ico HTTP/1.1" 200 - 1 0.002 0.008
2025-01-13 09:54:42,245 127193 INFO ? werkzeug: 127.0.0.1 - - [13/Jan/2025 09:54:42] "GET /web?db=test HTTP/1.1" 302 - 1 0.001 0.009
2025-01-13 09:54:42,262 127193 INFO ? odoo.modules.loading: loading 1 modules... 
2025-01-13 09:54:42,267 127193 INFO ? odoo.modules.loading: 1 modules loaded in 0.00s, 0 queries (+0 extra) 
2025-01-13 09:54:42,284 127193 WARNING ? odoo.modules.graph: module web_responsive: not installable, skipped 
2025-01-13 09:54:42,285 127193 INFO ? odoo.modules.loading: loading 23 modules... 
2025-01-13 09:54:42,577 127193 INFO ? odoo.modules.loading: 23 modules loaded in 0.29s, 0 queries (+0 extra) 
2025-01-13 09:54:42,657 127193 ERROR ? odoo.modules.loading: Some modules are not loaded, some dependencies or manifest may be missing: ['web_responsive'] 
2025-01-13 09:54:42,657 127193 INFO ? odoo.modules.loading: Modules loaded. 
2025-01-13 09:54:42,663 127193 INFO ? odoo.modules.registry: Registry loaded in 0.414s 
2025-01-13 09:54:42,663 127193 INFO test odoo.addons.base.models.ir_http: Generating routing map for key None 
2025-01-13 09:54:42,709 127193 INFO test werkzeug: 127.0.0.1 - - [13/Jan/2025 09:54:42] "GET /web?db=test HTTP/1.1" 303 - 26 0.062 0.399
2025-01-13 09:54:42,818 127193 INFO test werkzeug: 127.0.0.1 - - [13/Jan/2025 09:54:42] "GET /web/login?db=test HTTP/1.1" 200 - 57 0.025 0.079
2025-01-13 09:54:42,848 127193 INFO ? werkzeug: 127.0.0.1 - - [13/Jan/2025 09:54:42] "GET /web/static/src/libs/fontawesome/fonts/fontawesome-webfont.woff2?v=4.7.0 HTTP/1.1" 200 - 0 0.000 0.001
2025-01-13 09:54:42,876 127193 INFO test werkzeug: 127.0.0.1 - - [13/Jan/2025 09:54:42] "GET /web/binary/company_logo?dbname=test HTTP/1.1" 200 - 5 0.006 0.018
2025-01-13 09:54:43,515 127193 INFO test odoo.addons.base.models.assetsbundle: Generating a new asset bundle attachment /web/assets/7eec848/web.assets_frontend_minimal.min.js (id:28) 
2025-01-13 09:54:43,516 127193 INFO test odoo.addons.base.models.assetsbundle: Deleting attachments [15] (matching /web/assets/_______/web.assets_frontend_minimal.min.js) because it was replaced with /web/assets/7eec848/web.assets_frontend_minimal.min.js 
2025-01-13 09:54:43,517 127193 INFO test odoo.addons.base.models.assetsbundle: Generating a new asset bundle attachment /web/assets/dec066a/web.assets_frontend.min.css (id:29) 
2025-01-13 09:54:43,518 127193 INFO test odoo.addons.base.models.assetsbundle: Deleting attachments [14] (matching /web/assets/_______/web.assets_frontend.min.css) because it was replaced with /web/assets/dec066a/web.assets_frontend.min.css 
2025-01-13 09:54:43,526 127193 INFO test werkzeug: 127.0.0.1 - - [13/Jan/2025 09:54:43] "GET /web/assets/7eec848/web.assets_frontend_minimal.min.js HTTP/1.1" 200 - 15 0.016 0.037
2025-01-13 09:54:43,527 127193 INFO test werkzeug: 127.0.0.1 - - [13/Jan/2025 09:54:43] "GET /web/assets/dec066a/web.assets_frontend.min.css HTTP/1.1" 200 - 18 0.029 0.646
2025-01-13 09:54:43,667 127193 INFO ? werkzeug: 127.0.0.1 - - [13/Jan/2025 09:54:43] "GET /web/static/img/transparent.png HTTP/1.1" 200 - 1 0.001 0.009
2025-01-13 09:54:43,680 127193 INFO ? werkzeug: 127.0.0.1 - - [13/Jan/2025 09:54:43] "GET /web/static/img/empty_folder.svg HTTP/1.1" 200 - 1 0.001 0.007
2025-01-13 09:54:43,749 127193 INFO ? werkzeug: 127.0.0.1 - - [13/Jan/2025 09:54:43] "GET /web/static/lib/select2/select2.png HTTP/1.1" 200 - 1 0.001 0.039
2025-01-13 09:54:43,750 127193 INFO ? werkzeug: 127.0.0.1 - - [13/Jan/2025 09:54:43] "GET /web/static/lib/select2/select2-spinner.gif HTTP/1.1" 200 - 1 0.001 0.039
2025-01-13 09:54:43,750 127193 INFO ? werkzeug: 127.0.0.1 - - [13/Jan/2025 09:54:43] "GET /web/static/lib/select2/select2x2.png HTTP/1.1" 200 - 1 0.002 0.038
2025-01-13 09:54:43,752 127193 INFO ? werkzeug: 127.0.0.1 - - [13/Jan/2025 09:54:43] "GET /web/static/img/mimetypes/image.svg HTTP/1.1" 200 - 1 0.001 0.039
2025-01-13 09:54:43,752 127193 INFO ? werkzeug: 127.0.0.1 - - [13/Jan/2025 09:54:43] "GET /web/static/img/mimetypes/unknown.svg HTTP/1.1" 200 - 1 0.002 0.039
2025-01-13 09:54:43,753 127193 INFO ? werkzeug: 127.0.0.1 - - [13/Jan/2025 09:54:43] "GET /web/static/img/mimetypes/audio.svg HTTP/1.1" 200 - 1 0.002 0.038
2025-01-13 09:54:43,795 127193 INFO ? werkzeug: 127.0.0.1 - - [13/Jan/2025 09:54:43] "GET /web/static/img/mimetypes/text.svg HTTP/1.1" 200 - 1 0.001 0.040
2025-01-13 09:54:43,795 127193 INFO ? werkzeug: 127.0.0.1 - - [13/Jan/2025 09:54:43] "GET /web/static/img/mimetypes/binary.svg HTTP/1.1" 200 - 1 0.001 0.039
2025-01-13 09:54:43,796 127193 INFO ? werkzeug: 127.0.0.1 - - [13/Jan/2025 09:54:43] "GET /web/static/img/mimetypes/video.svg HTTP/1.1" 200 - 1 0.001 0.035
2025-01-13 09:54:43,798 127193 INFO ? werkzeug: 127.0.0.1 - - [13/Jan/2025 09:54:43] "GET /web/static/img/mimetypes/pdf.svg HTTP/1.1" 200 - 1 0.001 0.037
2025-01-13 09:54:43,798 127193 INFO ? werkzeug: 127.0.0.1 - - [13/Jan/2025 09:54:43] "GET /web/static/img/mimetypes/document.svg HTTP/1.1" 200 - 1 0.002 0.036
2025-01-13 09:54:43,799 127193 INFO ? werkzeug: 127.0.0.1 - - [13/Jan/2025 09:54:43] "GET /web/static/img/mimetypes/archive.svg HTTP/1.1" 200 - 1 0.001 0.038
2025-01-13 09:54:43,845 127193 INFO ? werkzeug: 127.0.0.1 - - [13/Jan/2025 09:54:43] "GET /web/static/img/mimetypes/web_code.svg HTTP/1.1" 200 - 1 0.001 0.038
2025-01-13 09:54:43,845 127193 INFO ? werkzeug: 127.0.0.1 - - [13/Jan/2025 09:54:43] "GET /web/static/img/mimetypes/disk.svg HTTP/1.1" 200 - 1 0.001 0.038
2025-01-13 09:54:43,848 127193 INFO ? werkzeug: 127.0.0.1 - - [13/Jan/2025 09:54:43] "GET /web/static/img/mimetypes/certificate.svg HTTP/1.1" 200 - 1 0.001 0.040
2025-01-13 09:54:43,848 127193 INFO ? werkzeug: 127.0.0.1 - - [13/Jan/2025 09:54:43] "GET /web/static/img/mimetypes/web_style.svg HTTP/1.1" 200 - 1 0.001 0.040
2025-01-13 09:54:43,849 127193 INFO ? werkzeug: 127.0.0.1 - - [13/Jan/2025 09:54:43] "GET /web/static/img/mimetypes/presentation.svg HTTP/1.1" 200 - 1 0.001 0.041
2025-01-13 09:54:43,849 127193 INFO ? werkzeug: 127.0.0.1 - - [13/Jan/2025 09:54:43] "GET /web/static/img/mimetypes/spreadsheet.svg HTTP/1.1" 200 - 1 0.001 0.040
2025-01-13 09:54:43,891 127193 INFO ? werkzeug: 127.0.0.1 - - [13/Jan/2025 09:54:43] "GET /web/static/img/mimetypes/font.svg HTTP/1.1" 200 - 1 0.001 0.040
2025-01-13 09:54:43,891 127193 INFO ? werkzeug: 127.0.0.1 - - [13/Jan/2025 09:54:43] "GET /web/static/img/mimetypes/print.svg HTTP/1.1" 200 - 1 0.002 0.039
2025-01-13 09:54:43,892 127193 INFO ? werkzeug: 127.0.0.1 - - [13/Jan/2025 09:54:43] "GET /web/static/img/mimetypes/script.svg HTTP/1.1" 200 - 1 0.001 0.040
2025-01-13 09:54:43,892 127193 INFO ? werkzeug: 127.0.0.1 - - [13/Jan/2025 09:54:43] "GET /web/static/img/mimetypes/vector.svg HTTP/1.1" 200 - 1 0.001 0.036
2025-01-13 09:54:43,893 127193 INFO ? werkzeug: 127.0.0.1 - - [13/Jan/2025 09:54:43] "GET /web/static/img/mimetypes/javascript.svg HTTP/1.1" 200 - 1 0.001 0.037
2025-01-13 09:54:43,895 127193 INFO ? werkzeug: 127.0.0.1 - - [13/Jan/2025 09:54:43] "GET /web/static/img/mimetypes/calendar.svg HTTP/1.1" 200 - 1 0.002 0.037
2025-01-13 09:54:43,926 127193 INFO ? werkzeug: 127.0.0.1 - - [13/Jan/2025 09:54:43] "GET /web_editor/static/src/img/curved_arrow.svg HTTP/1.1" 200 - 1 0.002 0.030
2025-01-13 09:54:43,932 127193 INFO ? werkzeug: 127.0.0.1 - - [13/Jan/2025 09:54:43] "GET /web_editor/shape/web_editor/Airy/01.svg?c1=%23714B67 HTTP/1.1" 404 - 1 0.001 0.029
2025-01-13 09:54:43,932 127193 INFO ? werkzeug: 127.0.0.1 - - [13/Jan/2025 09:54:43] "GET /web_editor/shape/web_editor/Airy/03.svg?c5=%23111827 HTTP/1.1" 404 - 1 0.001 0.029
2025-01-13 09:54:43,933 127193 INFO ? werkzeug: 127.0.0.1 - - [13/Jan/2025 09:54:43] "GET /web_editor/shape/web_editor/Airy/04.svg?c1=%23714B67 HTTP/1.1" 404 - 1 0.001 0.030
2025-01-13 09:54:43,933 127193 INFO ? werkzeug: 127.0.0.1 - - [13/Jan/2025 09:54:43] "GET /web_editor/shape/web_editor/Airy/03_001.svg?c5=%23111827 HTTP/1.1" 404 - 1 0.001 0.030
2025-01-13 09:54:43,940 127193 INFO ? werkzeug: 127.0.0.1 - - [13/Jan/2025 09:54:43] "GET /web_editor/shape/web_editor/Airy/02.svg?c1=%23714B67 HTTP/1.1" 404 - 1 0.001 0.036
2025-01-13 09:54:43,964 127193 INFO ? werkzeug: 127.0.0.1 - - [13/Jan/2025 09:54:43] "GET /web_editor/shape/web_editor/Airy/04_001.svg?c1=%23714B67 HTTP/1.1" 404 - 1 0.001 0.035
2025-01-13 09:54:43,971 127193 INFO ? werkzeug: 127.0.0.1 - - [13/Jan/2025 09:54:43] "GET /web_editor/shape/web_editor/Airy/05.svg?c1=%23714B67 HTTP/1.1" 404 - 1 0.001 0.035
2025-01-13 09:54:43,971 127193 INFO ? werkzeug: 127.0.0.1 - - [13/Jan/2025 09:54:43] "GET /web_editor/shape/web_editor/Airy/05_001.svg?c1=%23714B67 HTTP/1.1" 404 - 1 0.001 0.035
2025-01-13 09:54:43,972 127193 INFO ? werkzeug: 127.0.0.1 - - [13/Jan/2025 09:54:43] "GET /web_editor/shape/web_editor/Airy/06.svg?c2=%238595A2 HTTP/1.1" 404 - 1 0.001 0.033
2025-01-13 09:54:43,973 127193 INFO ? werkzeug: 127.0.0.1 - - [13/Jan/2025 09:54:43] "GET /web_editor/shape/web_editor/Airy/07.svg?c2=%238595A2 HTTP/1.1" 404 - 1 0.001 0.034
2025-01-13 09:54:43,981 127193 INFO ? werkzeug: 127.0.0.1 - - [13/Jan/2025 09:54:43] "GET /web_editor/shape/web_editor/Airy/08.svg?c1=%23714B67 HTTP/1.1" 404 - 1 0.002 0.037
2025-01-13 09:54:44,005 127193 INFO ? werkzeug: 127.0.0.1 - - [13/Jan/2025 09:54:44] "GET /web_editor/shape/web_editor/Airy/09.svg?c1=%23714B67 HTTP/1.1" 404 - 1 0.001 0.037
2025-01-13 09:54:44,011 127193 INFO ? werkzeug: 127.0.0.1 - - [13/Jan/2025 09:54:44] "GET /web_editor/shape/web_editor/Airy/10.svg?c5=%23111827 HTTP/1.1" 404 - 1 0.001 0.036
2025-01-13 09:54:44,012 127193 INFO ? werkzeug: 127.0.0.1 - - [13/Jan/2025 09:54:44] "GET /web_editor/shape/web_editor/Airy/11.svg?c5=%23111827 HTTP/1.1" 404 - 1 0.001 0.036
2025-01-13 09:54:44,013 127193 INFO ? werkzeug: 127.0.0.1 - - [13/Jan/2025 09:54:44] "GET /web_editor/shape/web_editor/Airy/12.svg?c1=%23714B67&c3=%23F3F2F2 HTTP/1.1" 404 - 1 0.001 0.036
2025-01-13 09:54:44,014 127193 INFO ? werkzeug: 127.0.0.1 - - [13/Jan/2025 09:54:44] "GET /web_editor/shape/web_editor/Airy/12_001.svg?c1=%23714B67&c3=%23F3F2F2 HTTP/1.1" 404 - 1 0.001 0.036
2025-01-13 09:54:44,020 127193 INFO ? werkzeug: 127.0.0.1 - - [13/Jan/2025 09:54:44] "GET /web_editor/shape/web_editor/Airy/13.svg?c1=%23714B67&c4=%23FFFFFF HTTP/1.1" 404 - 1 0.002 0.036
2025-01-13 09:54:44,043 127193 INFO ? werkzeug: 127.0.0.1 - - [13/Jan/2025 09:54:44] "GET /web_editor/shape/web_editor/Airy/13_001.svg?c1=%23714B67&c4=%23FFFFFF HTTP/1.1" 404 - 1 0.002 0.035
2025-01-13 09:54:44,050 127193 INFO ? werkzeug: 127.0.0.1 - - [13/Jan/2025 09:54:44] "GET /web_editor/shape/web_editor/Airy/14.svg?c1=%23714B67&c4=%23FFFFFF HTTP/1.1" 404 - 1 0.001 0.034
2025-01-13 09:54:44,050 127193 INFO ? werkzeug: 127.0.0.1 - - [13/Jan/2025 09:54:44] "GET /web_editor/shape/web_editor/Blobs/01.svg?c2=%238595A2 HTTP/1.1" 404 - 1 0.001 0.031
2025-01-13 09:54:44,051 127193 INFO ? werkzeug: 127.0.0.1 - - [13/Jan/2025 09:54:44] "GET /web_editor/shape/web_editor/Blobs/02.svg?c1=%23714B67&c2=%238595A2 HTTP/1.1" 404 - 1 0.001 0.031
2025-01-13 09:54:44,051 127193 INFO ? werkzeug: 127.0.0.1 - - [13/Jan/2025 09:54:44] "GET /web_editor/shape/web_editor/Blobs/01_001.svg?c2=%238595A2 HTTP/1.1" 404 - 1 0.001 0.031
2025-01-13 09:54:44,059 127193 INFO ? werkzeug: 127.0.0.1 - - [13/Jan/2025 09:54:44] "GET /web_editor/shape/web_editor/Blobs/03.svg?c2=%238595A2 HTTP/1.1" 404 - 1 0.002 0.034
2025-01-13 09:54:44,081 127193 INFO ? werkzeug: 127.0.0.1 - - [13/Jan/2025 09:54:44] "GET /web_editor/shape/web_editor/Blobs/04.svg?c5=%23111827 HTTP/1.1" 404 - 1 0.002 0.033
2025-01-13 09:54:44,087 127193 INFO ? werkzeug: 127.0.0.1 - - [13/Jan/2025 09:54:44] "GET /web_editor/shape/web_editor/Blobs/05.svg?c1=%23714B67 HTTP/1.1" 404 - 1 0.001 0.029
2025-01-13 09:54:44,087 127193 INFO ? werkzeug: 127.0.0.1 - - [13/Jan/2025 09:54:44] "GET /web_editor/shape/web_editor/Blobs/07.svg?c5=%23111827 HTTP/1.1" 404 - 1 0.001 0.029
2025-01-13 09:54:44,088 127193 INFO ? werkzeug: 127.0.0.1 - - [13/Jan/2025 09:54:44] "GET /web_editor/shape/web_editor/Blobs/06.svg?c1=%23714B67 HTTP/1.1" 404 - 1 0.001 0.030
2025-01-13 09:54:44,089 127193 INFO ? werkzeug: 127.0.0.1 - - [13/Jan/2025 09:54:44] "GET /web_editor/shape/web_editor/Blobs/08.svg?c1=%23714B67 HTTP/1.1" 404 - 1 0.001 0.029
2025-01-13 09:54:44,095 127193 INFO ? werkzeug: 127.0.0.1 - - [13/Jan/2025 09:54:44] "GET /web_editor/shape/web_editor/Blobs/09.svg?c3=%23F3F2F2 HTTP/1.1" 404 - 1 0.001 0.034
2025-01-13 09:54:44,118 127193 INFO ? werkzeug: 127.0.0.1 - - [13/Jan/2025 09:54:44] "GET /web_editor/shape/web_editor/Blobs/10.svg?c1=%23714B67&c5=%23111827 HTTP/1.1" 404 - 1 0.001 0.033
2025-01-13 09:54:44,124 127193 INFO ? werkzeug: 127.0.0.1 - - [13/Jan/2025 09:54:44] "GET /web_editor/shape/web_editor/Blobs/10_001.svg?c1=%23714B67 HTTP/1.1" 404 - 1 0.001 0.033
2025-01-13 09:54:44,125 127193 INFO ? werkzeug: 127.0.0.1 - - [13/Jan/2025 09:54:44] "GET /web_editor/shape/web_editor/Blobs/11.svg?c1=%23714B67 HTTP/1.1" 404 - 1 0.001 0.030
2025-01-13 09:54:44,125 127193 INFO ? werkzeug: 127.0.0.1 - - [13/Jan/2025 09:54:44] "GET /web_editor/shape/web_editor/Blocks/01.svg?c1=%23714B67&c3=%23F3F2F2&c5=%23111827 HTTP/1.1" 404 - 1 0.001 0.030
2025-01-13 09:54:44,126 127193 INFO ? werkzeug: 127.0.0.1 - - [13/Jan/2025 09:54:44] "GET /web_editor/shape/web_editor/Blobs/12.svg?c1=%23714B67 HTTP/1.1" 404 - 1 0.001 0.030
2025-01-13 09:54:44,133 127193 INFO ? werkzeug: 127.0.0.1 - - [13/Jan/2025 09:54:44] "GET /web_editor/shape/web_editor/Blocks/01_001.svg?c1=%23714B67&c3=%23F3F2F2&c5=%23111827 HTTP/1.1" 404 - 1 0.002 0.034
2025-01-13 09:54:44,156 127193 INFO ? werkzeug: 127.0.0.1 - - [13/Jan/2025 09:54:44] "GET /web_editor/shape/web_editor/Blocks/02.svg?c1=%23714B67&c3=%23F3F2F2&c5=%23111827 HTTP/1.1" 404 - 1 0.001 0.035
2025-01-13 09:54:44,163 127193 INFO ? werkzeug: 127.0.0.1 - - [13/Jan/2025 09:54:44] "GET /web_editor/shape/web_editor/Blocks/02_001.svg?c1=%23714B67&c3=%23F3F2F2&c5=%23111827 HTTP/1.1" 404 - 1 0.001 0.031
2025-01-13 09:54:44,164 127193 INFO ? werkzeug: 127.0.0.1 - - [13/Jan/2025 09:54:44] "GET /web_editor/shape/web_editor/Blocks/04.svg?c1=%23714B67&c2=%238595A2&c3=%23F3F2F2&c5=%23111827 HTTP/1.1" 404 - 1 0.001 0.031
2025-01-13 09:54:44,165 127193 INFO ? werkzeug: 127.0.0.1 - - [13/Jan/2025 09:54:44] "GET /web_editor/shape/web_editor/Blocks/03.svg?c1=%23714B67&c4=%23FFFFFF HTTP/1.1" 404 - 1 0.001 0.032
2025-01-13 09:54:44,165 127193 INFO ? werkzeug: 127.0.0.1 - - [13/Jan/2025 09:54:44] "GET /web_editor/shape/web_editor/Bold/01.svg?c2=%238595A2 HTTP/1.1" 404 - 1 0.001 0.032
2025-01-13 09:54:44,172 127193 INFO ? werkzeug: 127.0.0.1 - - [13/Jan/2025 09:54:44] "GET /web_editor/shape/web_editor/Bold/02.svg?c1=%23714B67&c2=%238595A2&c3=%23F3F2F2 HTTP/1.1" 404 - 1 0.001 0.034
2025-01-13 09:54:44,196 127193 INFO ? werkzeug: 127.0.0.1 - - [13/Jan/2025 09:54:44] "GET /web_editor/shape/web_editor/Bold/03.svg?c1=%23714B67&c3=%23F3F2F2&c5=%23111827 HTTP/1.1" 404 - 1 0.001 0.035
2025-01-13 09:54:44,202 127193 INFO ? werkzeug: 127.0.0.1 - - [13/Jan/2025 09:54:44] "GET /web_editor/shape/web_editor/Bold/04.svg?c2=%238595A2&c3=%23F3F2F2 HTTP/1.1" 404 - 1 0.001 0.035
2025-01-13 09:54:44,203 127193 INFO ? werkzeug: 127.0.0.1 - - [13/Jan/2025 09:54:44] "GET /web_editor/shape/web_editor/Bold/05.svg?c5=%23111827 HTTP/1.1" 404 - 1 0.001 0.031
2025-01-13 09:54:44,203 127193 INFO ? werkzeug: 127.0.0.1 - - [13/Jan/2025 09:54:44] "GET /web_editor/shape/web_editor/Bold/06.svg?c5=%23111827 HTTP/1.1" 404 - 1 0.001 0.032
2025-01-13 09:54:44,204 127193 INFO ? werkzeug: 127.0.0.1 - - [13/Jan/2025 09:54:44] "GET /web_editor/shape/web_editor/Bold/05_001.svg?c3=%23F3F2F2 HTTP/1.1" 404 - 1 0.001 0.032
2025-01-13 09:54:44,211 127193 INFO ? werkzeug: 127.0.0.1 - - [13/Jan/2025 09:54:44] "GET /web_editor/shape/web_editor/Bold/06_001.svg?c3=%23F3F2F2 HTTP/1.1" 404 - 1 0.001 0.036
2025-01-13 09:54:44,234 127193 INFO ? werkzeug: 127.0.0.1 - - [13/Jan/2025 09:54:44] "GET /web_editor/shape/web_editor/Bold/07.svg?c1=%23714B67&c2=%238595A2 HTTP/1.1" 404 - 1 0.002 0.035
2025-01-13 09:54:44,241 127193 INFO ? werkzeug: 127.0.0.1 - - [13/Jan/2025 09:54:44] "GET /web_editor/shape/web_editor/Bold/07_001.svg?c1=%23714B67&c2=%238595A2 HTTP/1.1" 404 - 1 0.001 0.034
2025-01-13 09:54:44,241 127193 INFO ? werkzeug: 127.0.0.1 - - [13/Jan/2025 09:54:44] "GET /web_editor/shape/web_editor/Bold/08.svg?c1=%23714B67 HTTP/1.1" 404 - 1 0.001 0.031
2025-01-13 09:54:44,242 127193 INFO ? werkzeug: 127.0.0.1 - - [13/Jan/2025 09:54:44] "GET /web_editor/shape/web_editor/Bold/10.svg?c1=%23714B67&c3=%23F3F2F2&c4=%23FFFFFF&c5=%23111827 HTTP/1.1" 404 - 1 0.001 0.031
2025-01-13 09:54:44,243 127193 INFO ? werkzeug: 127.0.0.1 - - [13/Jan/2025 09:54:44] "GET /web_editor/shape/web_editor/Bold/09.svg?c2=%238595A2&c3=%23F3F2F2 HTTP/1.1" 404 - 1 0.001 0.031
2025-01-13 09:54:44,250 127193 INFO ? werkzeug: 127.0.0.1 - - [13/Jan/2025 09:54:44] "GET /web_editor/shape/web_editor/Bold/10_001.svg?c1=%23714B67&c4=%23FFFFFF&c5=%23111827 HTTP/1.1" 404 - 1 0.002 0.034
2025-01-13 09:54:44,273 127193 INFO ? werkzeug: 127.0.0.1 - - [13/Jan/2025 09:54:44] "GET /web_editor/shape/web_editor/Bold/11.svg?c1=%23714B67&c2=%238595A2&c3=%23F3F2F2 HTTP/1.1" 404 - 1 0.001 0.035
2025-01-13 09:54:44,279 127193 INFO ? werkzeug: 127.0.0.1 - - [13/Jan/2025 09:54:44] "GET /web_editor/shape/web_editor/Bold/11_001.svg?c1=%23714B67&c2=%238595A2 HTTP/1.1" 404 - 1 0.001 0.034
2025-01-13 09:54:44,280 127193 INFO ? werkzeug: 127.0.0.1 - - [13/Jan/2025 09:54:44] "GET /web_editor/shape/web_editor/Bold/12.svg?c1=%23714B67&c2=%238595A2&c5=%23111827 HTTP/1.1" 404 - 1 0.001 0.031
2025-01-13 09:54:44,280 127193 INFO ? werkzeug: 127.0.0.1 - - [13/Jan/2025 09:54:44] "GET /web_editor/shape/web_editor/Floats/01.svg?c1=%23714B67&c2=%238595A2&c3=%23F3F2F2&c4=%23FFFFFF&c5=%23111827 HTTP/1.1" 404 - 1 0.001 0.031
2025-01-13 09:54:44,281 127193 INFO ? werkzeug: 127.0.0.1 - - [13/Jan/2025 09:54:44] "GET /web_editor/shape/web_editor/Bold/12_001.svg?c1=%23714B67&c2=%238595A2&c5=%23111827 HTTP/1.1" 404 - 1 0.001 0.032
2025-01-13 09:54:44,288 127193 INFO ? werkzeug: 127.0.0.1 - - [13/Jan/2025 09:54:44] "GET /web_editor/shape/web_editor/Floats/02.svg?c1=%23714B67&c2=%238595A2&c3=%23F3F2F2&c5=%23111827 HTTP/1.1" 404 - 1 0.002 0.034
2025-01-13 09:54:44,312 127193 INFO ? werkzeug: 127.0.0.1 - - [13/Jan/2025 09:54:44] "GET /web_editor/shape/web_editor/Floats/03.svg?c1=%23714B67&c2=%238595A2&c3=%23F3F2F2&c5=%23111827 HTTP/1.1" 404 - 1 0.001 0.036
2025-01-13 09:54:44,318 127193 INFO ? werkzeug: 127.0.0.1 - - [13/Jan/2025 09:54:44] "GET /web_editor/shape/web_editor/Floats/04.svg?c1=%23714B67&c2=%238595A2&c4=%23FFFFFF&c5=%23111827 HTTP/1.1" 404 - 1 0.001 0.034
2025-01-13 09:54:44,318 127193 INFO ? werkzeug: 127.0.0.1 - - [13/Jan/2025 09:54:44] "GET /web_editor/shape/web_editor/Floats/05.svg?c1=%23714B67&c2=%238595A2&c3=%23F3F2F2&c5=%23111827 HTTP/1.1" 404 - 1 0.001 0.032
2025-01-13 09:54:44,319 127193 INFO ? werkzeug: 127.0.0.1 - - [13/Jan/2025 09:54:44] "GET /web_editor/shape/web_editor/Floats/07.svg?c1=%23714B67&c2=%238595A2&c3=%23F3F2F2&c5=%23111827 HTTP/1.1" 404 - 1 0.001 0.032
2025-01-13 09:54:44,320 127193 INFO ? werkzeug: 127.0.0.1 - - [13/Jan/2025 09:54:44] "GET /web_editor/shape/web_editor/Floats/06.svg?c1=%23714B67&c2=%238595A2&c3=%23F3F2F2&c5=%23111827 HTTP/1.1" 404 - 1 0.001 0.032
2025-01-13 09:54:44,327 127193 INFO ? werkzeug: 127.0.0.1 - - [13/Jan/2025 09:54:44] "GET /web_editor/shape/web_editor/Floats/08.svg?c1=%23714B67&c2=%238595A2&c3=%23F3F2F2&c5=%23111827 HTTP/1.1" 404 - 1 0.001 0.036
2025-01-13 09:54:44,350 127193 INFO ? werkzeug: 127.0.0.1 - - [13/Jan/2025 09:54:44] "GET /web_editor/shape/web_editor/Floats/09.svg?c1=%23714B67&c2=%238595A2&c3=%23F3F2F2 HTTP/1.1" 404 - 1 0.001 0.035
2025-01-13 09:54:44,356 127193 INFO ? werkzeug: 127.0.0.1 - - [13/Jan/2025 09:54:44] "GET /web_editor/shape/web_editor/Floats/10.svg?c1=%23714B67&c2=%238595A2&c3=%23F3F2F2&c5=%23111827 HTTP/1.1" 404 - 1 0.001 0.034
2025-01-13 09:54:44,357 127193 INFO ? werkzeug: 127.0.0.1 - - [13/Jan/2025 09:54:44] "GET /web_editor/shape/web_editor/Floats/13.svg?c1=%23714B67&c2=%238595A2&c5=%23111827 HTTP/1.1" 404 - 1 0.001 0.031
2025-01-13 09:54:44,358 127193 INFO ? werkzeug: 127.0.0.1 - - [13/Jan/2025 09:54:44] "GET /web_editor/shape/web_editor/Floats/11.svg?c1=%23714B67&c3=%23F3F2F2 HTTP/1.1" 404 - 1 0.001 0.032
2025-01-13 09:54:44,358 127193 INFO ? werkzeug: 127.0.0.1 - - [13/Jan/2025 09:54:44] "GET /web_editor/shape/web_editor/Floats/12.svg?c1=%23714B67&c2=%238595A2&c3=%23F3F2F2&c5=%23111827 HTTP/1.1" 404 - 1 0.001 0.032
2025-01-13 09:54:44,366 127193 INFO ? werkzeug: 127.0.0.1 - - [13/Jan/2025 09:54:44] "GET /web_editor/shape/web_editor/Floats/14.svg?c1=%23714B67&c2=%238595A2&c3=%23F3F2F2&c5=%23111827 HTTP/1.1" 404 - 1 0.001 0.036
2025-01-13 09:54:44,389 127193 INFO ? werkzeug: 127.0.0.1 - - [13/Jan/2025 09:54:44] "GET /web_editor/shape/web_editor/Origins/01.svg?c2=%238595A2&c5=%23111827 HTTP/1.1" 404 - 1 0.001 0.035
2025-01-13 09:54:44,395 127193 INFO ? werkzeug: 127.0.0.1 - - [13/Jan/2025 09:54:44] "GET /web_editor/shape/web_editor/Origins/02.svg?c3=%23F3F2F2 HTTP/1.1" 404 - 1 0.001 0.031
2025-01-13 09:54:44,395 127193 INFO ? werkzeug: 127.0.0.1 - - [13/Jan/2025 09:54:44] "GET /web_editor/shape/web_editor/Origins/02_001.svg?c4=%23FFFFFF&c5=%23111827 HTTP/1.1" 404 - 1 0.001 0.030
2025-01-13 09:54:44,396 127193 INFO ? werkzeug: 127.0.0.1 - - [13/Jan/2025 09:54:44] "GET /web_editor/shape/web_editor/Origins/04.svg?c3=%23F3F2F2 HTTP/1.1" 404 - 1 0.001 0.030
2025-01-13 09:54:44,396 127193 INFO ? werkzeug: 127.0.0.1 - - [13/Jan/2025 09:54:44] "GET /web_editor/shape/web_editor/Origins/03.svg?c3=%23F3F2F2 HTTP/1.1" 404 - 1 0.001 0.030
2025-01-13 09:54:44,403 127193 INFO ? werkzeug: 127.0.0.1 - - [13/Jan/2025 09:54:44] "GET /web_editor/shape/web_editor/Origins/04_001.svg?c3=%23F3F2F2 HTTP/1.1" 404 - 1 0.002 0.033
2025-01-13 09:54:44,425 127193 INFO ? werkzeug: 127.0.0.1 - - [13/Jan/2025 09:54:44] "GET /web_editor/shape/web_editor/Origins/05.svg?c3=%23F3F2F2 HTTP/1.1" 404 - 1 0.001 0.032
2025-01-13 09:54:44,432 127193 INFO ? werkzeug: 127.0.0.1 - - [13/Jan/2025 09:54:44] "GET /web_editor/shape/web_editor/Origins/06.svg?c3=%23F3F2F2 HTTP/1.1" 404 - 1 0.001 0.032
2025-01-13 09:54:44,432 127193 INFO ? werkzeug: 127.0.0.1 - - [13/Jan/2025 09:54:44] "GET /web_editor/shape/web_editor/Origins/06_001.svg?c3=%23F3F2F2&c4=%23FFFFFF HTTP/1.1" 404 - 1 0.001 0.032
2025-01-13 09:54:44,433 127193 INFO ? werkzeug: 127.0.0.1 - - [13/Jan/2025 09:54:44] "GET /web_editor/shape/web_editor/Origins/07.svg?c3=%23F3F2F2 HTTP/1.1" 404 - 1 0.001 0.030
2025-01-13 09:54:44,433 127193 INFO ? werkzeug: 127.0.0.1 - - [13/Jan/2025 09:54:44] "GET /web_editor/shape/web_editor/Origins/07_001.svg?c3=%23F3F2F2&c5=%23111827 HTTP/1.1" 404 - 1 0.001 0.030
2025-01-13 09:54:44,440 127193 INFO ? werkzeug: 127.0.0.1 - - [13/Jan/2025 09:54:44] "GET /web_editor/shape/web_editor/Origins/07_002.svg?c3=%23F3F2F2&c4=%23FFFFFF&c5=%23111827 HTTP/1.1" 404 - 1 0.001 0.034
2025-01-13 09:54:44,463 127193 INFO ? werkzeug: 127.0.0.1 - - [13/Jan/2025 09:54:44] "GET /web_editor/shape/web_editor/Origins/08.svg?c3=%23F3F2F2 HTTP/1.1" 404 - 1 0.001 0.035
2025-01-13 09:54:44,469 127193 INFO ? werkzeug: 127.0.0.1 - - [13/Jan/2025 09:54:44] "GET /web_editor/shape/web_editor/Origins/09.svg?c1=%23714B67&c5=%23111827 HTTP/1.1" 404 - 1 0.001 0.030
2025-01-13 09:54:44,470 127193 INFO ? werkzeug: 127.0.0.1 - - [13/Jan/2025 09:54:44] "GET /web_editor/shape/web_editor/Origins/10.svg?c2=%238595A2&c5=%23111827 HTTP/1.1" 404 - 1 0.002 0.030
2025-01-13 09:54:44,471 127193 INFO ? werkzeug: 127.0.0.1 - - [13/Jan/2025 09:54:44] "GET /web_editor/shape/web_editor/Origins/09_001.svg?c3=%23F3F2F2 HTTP/1.1" 404 - 1 0.001 0.031
2025-01-13 09:54:44,471 127193 INFO ? werkzeug: 127.0.0.1 - - [13/Jan/2025 09:54:44] "GET /web_editor/shape/web_editor/Origins/11.svg?c3=%23F3F2F2&c5=%23111827 HTTP/1.1" 404 - 1 0.001 0.031
2025-01-13 09:54:44,480 127193 INFO ? werkzeug: 127.0.0.1 - - [13/Jan/2025 09:54:44] "GET /web_editor/shape/web_editor/Origins/11_001.svg?c3=%23F3F2F2&c4=%23FFFFFF HTTP/1.1" 404 - 1 0.002 0.037
2025-01-13 09:54:44,507 127193 INFO ? werkzeug: 127.0.0.1 - - [13/Jan/2025 09:54:44] "GET /web_editor/shape/web_editor/Origins/12.svg?c3=%23F3F2F2&c5=%23111827 HTTP/1.1" 404 - 1 0.002 0.040
2025-01-13 09:54:44,513 127193 INFO ? werkzeug: 127.0.0.1 - - [13/Jan/2025 09:54:44] "GET /web_editor/shape/web_editor/Origins/13.svg?c3=%23F3F2F2&c5=%23111827 HTTP/1.1" 404 - 1 0.002 0.040
2025-01-13 09:54:44,514 127193 INFO ? werkzeug: 127.0.0.1 - - [13/Jan/2025 09:54:44] "GET /web_editor/shape/web_editor/Origins/14.svg?c4=%23FFFFFF HTTP/1.1" 404 - 1 0.002 0.039
2025-01-13 09:54:44,515 127193 INFO ? werkzeug: 127.0.0.1 - - [13/Jan/2025 09:54:44] "GET /web_editor/shape/web_editor/Origins/14_001.svg?c3=%23F3F2F2&c4=%23FFFFFF HTTP/1.1" 404 - 1 0.001 0.037
2025-01-13 09:54:44,515 127193 INFO ? werkzeug: 127.0.0.1 - - [13/Jan/2025 09:54:44] "GET /web_editor/shape/web_editor/Origins/15.svg?c4=%23FFFFFF HTTP/1.1" 404 - 1 0.001 0.037
2025-01-13 09:54:44,522 127193 INFO ? werkzeug: 127.0.0.1 - - [13/Jan/2025 09:54:44] "GET /web_editor/shape/web_editor/Origins/16.svg?c3=%23F3F2F2 HTTP/1.1" 404 - 1 0.001 0.037
2025-01-13 09:54:44,544 127193 INFO ? werkzeug: 127.0.0.1 - - [13/Jan/2025 09:54:44] "GET /web_editor/shape/web_editor/Origins/17.svg?c3=%23F3F2F2 HTTP/1.1" 404 - 1 0.001 0.034
2025-01-13 09:54:44,551 127193 INFO ? werkzeug: 127.0.0.1 - - [13/Jan/2025 09:54:44] "GET /web_editor/shape/web_editor/Origins/18.svg?c1=%23714B67 HTTP/1.1" 404 - 1 0.001 0.033
2025-01-13 09:54:44,551 127193 INFO ? werkzeug: 127.0.0.1 - - [13/Jan/2025 09:54:44] "GET /web_editor/shape/web_editor/Rainy/01.svg?c1=%23714B67&c5=%23111827 HTTP/1.1" 404 - 1 0.001 0.030
2025-01-13 09:54:44,552 127193 INFO ? werkzeug: 127.0.0.1 - - [13/Jan/2025 09:54:44] "GET /web_editor/shape/web_editor/Rainy/02.svg?c1=%23714B67&c4=%23FFFFFF&c5=%23111827 HTTP/1.1" 404 - 1 0.001 0.030
2025-01-13 09:54:44,552 127193 INFO ? werkzeug: 127.0.0.1 - - [13/Jan/2025 09:54:44] "GET /web_editor/shape/web_editor/Rainy/01_001.svg?c1=%23714B67&c5=%23111827 HTTP/1.1" 404 - 1 0.001 0.031
2025-01-13 09:54:44,559 127193 INFO ? werkzeug: 127.0.0.1 - - [13/Jan/2025 09:54:44] "GET /web_editor/shape/web_editor/Rainy/02_001.svg?c1=%23714B67&c4=%23FFFFFF&c5=%23111827 HTTP/1.1" 404 - 1 0.002 0.034
2025-01-13 09:54:44,582 127193 INFO ? werkzeug: 127.0.0.1 - - [13/Jan/2025 09:54:44] "GET /web_editor/shape/web_editor/Rainy/03.svg?c2=%238595A2&c4=%23FFFFFF&c5=%23111827 HTTP/1.1" 404 - 1 0.001 0.034
2025-01-13 09:54:44,588 127193 INFO ? werkzeug: 127.0.0.1 - - [13/Jan/2025 09:54:44] "GET /web_editor/shape/web_editor/Rainy/03_001.svg?c2=%238595A2&c5=%23111827 HTTP/1.1" 404 - 1 0.001 0.033
2025-01-13 09:54:44,588 127193 INFO ? werkzeug: 127.0.0.1 - - [13/Jan/2025 09:54:44] "GET /web_editor/shape/web_editor/Rainy/04.svg?c1=%23714B67&c5=%23111827 HTTP/1.1" 404 - 1 0.001 0.030
2025-01-13 09:54:44,589 127193 INFO ? werkzeug: 127.0.0.1 - - [13/Jan/2025 09:54:44] "GET /web_editor/shape/web_editor/Rainy/05_001.svg?c1=%23714B67 HTTP/1.1" 404 - 1 0.001 0.031
2025-01-13 09:54:44,590 127193 INFO ? werkzeug: 127.0.0.1 - - [13/Jan/2025 09:54:44] "GET /web_editor/shape/web_editor/Rainy/05.svg?c1=%23714B67&c5=%23111827 HTTP/1.1" 404 - 1 0.001 0.031
2025-01-13 09:54:44,596 127193 INFO ? werkzeug: 127.0.0.1 - - [13/Jan/2025 09:54:44] "GET /web_editor/shape/web_editor/Rainy/06.svg?c1=%23714B67&c2=%238595A2&c3=%23F3F2F2 HTTP/1.1" 404 - 1 0.001 0.033
2025-01-13 09:54:44,619 127193 INFO ? werkzeug: 127.0.0.1 - - [13/Jan/2025 09:54:44] "GET /web_editor/shape/web_editor/Rainy/07.svg?c1=%23714B67&c2=%238595A2&c3=%23F3F2F2 HTTP/1.1" 404 - 1 0.001 0.034
2025-01-13 09:54:44,625 127193 INFO ? werkzeug: 127.0.0.1 - - [13/Jan/2025 09:54:44] "GET /web_editor/shape/web_editor/Rainy/08.svg?c1=%23714B67&c4=%23FFFFFF HTTP/1.1" 404 - 1 0.001 0.033
2025-01-13 09:54:44,625 127193 INFO ? werkzeug: 127.0.0.1 - - [13/Jan/2025 09:54:44] "GET /web_editor/shape/web_editor/Rainy/09_001.svg?c1=%23714B67 HTTP/1.1" 404 - 1 0.001 0.030
2025-01-13 09:54:44,626 127193 INFO ? werkzeug: 127.0.0.1 - - [13/Jan/2025 09:54:44] "GET /web_editor/shape/web_editor/Rainy/09.svg?c1=%23714B67 HTTP/1.1" 404 - 1 0.001 0.030
2025-01-13 09:54:44,626 127193 INFO ? werkzeug: 127.0.0.1 - - [13/Jan/2025 09:54:44] "GET /web_editor/shape/web_editor/Rainy/08_001.svg?c1=%23714B67&c4=%23FFFFFF HTTP/1.1" 404 - 1 0.001 0.030
2025-01-13 09:54:44,634 127193 INFO ? werkzeug: 127.0.0.1 - - [13/Jan/2025 09:54:44] "GET /web_editor/shape/web_editor/Rainy/10.svg?c1=%23714B67&c3=%23F3F2F2 HTTP/1.1" 404 - 1 0.002 0.034
2025-01-13 09:54:44,656 127193 INFO ? werkzeug: 127.0.0.1 - - [13/Jan/2025 09:54:44] "GET /web_editor/shape/web_editor/Wavy/01.svg?c4=%23FFFFFF HTTP/1.1" 404 - 1 0.002 0.033
2025-01-13 09:54:44,661 127193 INFO ? werkzeug: 127.0.0.1 - - [13/Jan/2025 09:54:44] "GET /web_editor/shape/web_editor/Wavy/01_001.svg?c3=%23F3F2F2 HTTP/1.1" 404 - 1 0.001 0.033
2025-01-13 09:54:44,662 127193 INFO ? werkzeug: 127.0.0.1 - - [13/Jan/2025 09:54:44] "GET /web_editor/shape/web_editor/Wavy/02.svg?c4=%23FFFFFF HTTP/1.1" 404 - 1 0.001 0.029
2025-01-13 09:54:44,663 127193 INFO ? werkzeug: 127.0.0.1 - - [13/Jan/2025 09:54:44] "GET /web_editor/shape/web_editor/Wavy/03.svg?c1=%23714B67&c2=%238595A2 HTTP/1.1" 404 - 1 0.001 0.029
2025-01-13 09:54:44,663 127193 INFO ? werkzeug: 127.0.0.1 - - [13/Jan/2025 09:54:44] "GET /web_editor/shape/web_editor/Wavy/02_001.svg?c3=%23F3F2F2 HTTP/1.1" 404 - 1 0.001 0.029
2025-01-13 09:54:44,670 127193 INFO ? werkzeug: 127.0.0.1 - - [13/Jan/2025 09:54:44] "GET /web_editor/shape/web_editor/Wavy/04.svg?c1=%23714B67&c5=%23111827 HTTP/1.1" 404 - 1 0.002 0.033
2025-01-13 09:54:44,693 127193 INFO ? werkzeug: 127.0.0.1 - - [13/Jan/2025 09:54:44] "GET /web_editor/shape/web_editor/Wavy/05.svg?c1=%23714B67&c5=%23111827 HTTP/1.1" 404 - 1 0.001 0.034
2025-01-13 09:54:44,699 127193 INFO ? werkzeug: 127.0.0.1 - - [13/Jan/2025 09:54:44] "GET /web_editor/shape/web_editor/Wavy/06.svg?c1=%23714B67&c3=%23F3F2F2&c4=%23FFFFFF&c5=%23111827 HTTP/1.1" 404 - 1 0.001 0.031
2025-01-13 09:54:44,700 127193 INFO ? werkzeug: 127.0.0.1 - - [13/Jan/2025 09:54:44] "GET /web_editor/shape/web_editor/Wavy/06_001.svg?c1=%23714B67&c3=%23F3F2F2&c5=%23111827 HTTP/1.1" 404 - 1 0.001 0.030
2025-01-13 09:54:44,700 127193 INFO ? werkzeug: 127.0.0.1 - - [13/Jan/2025 09:54:44] "GET /web_editor/shape/web_editor/Wavy/07.svg?c3=%23F3F2F2 HTTP/1.1" 404 - 1 0.001 0.031
2025-01-13 09:54:44,701 127193 INFO ? werkzeug: 127.0.0.1 - - [13/Jan/2025 09:54:44] "GET /web_editor/shape/web_editor/Wavy/08.svg?c2=%238595A2 HTTP/1.1" 404 - 1 0.002 0.031
2025-01-13 09:54:44,708 127193 INFO ? werkzeug: 127.0.0.1 - - [13/Jan/2025 09:54:44] "GET /web_editor/shape/web_editor/Wavy/09.svg?c1=%23714B67&c5=%23111827 HTTP/1.1" 404 - 1 0.002 0.034
2025-01-13 09:54:44,732 127193 INFO ? werkzeug: 127.0.0.1 - - [13/Jan/2025 09:54:44] "GET /web_editor/shape/web_editor/Wavy/10.svg?c1=%23714B67&c2=%238595A2 HTTP/1.1" 404 - 1 0.002 0.035
2025-01-13 09:54:44,738 127193 INFO ? werkzeug: 127.0.0.1 - - [13/Jan/2025 09:54:44] "GET /web_editor/shape/web_editor/Wavy/11.svg?c1=%23714B67&c4=%23FFFFFF HTTP/1.1" 404 - 1 0.002 0.034
2025-01-13 09:54:44,739 127193 INFO ? werkzeug: 127.0.0.1 - - [13/Jan/2025 09:54:44] "GET /web_editor/shape/web_editor/Wavy/12.svg?c1=%23714B67 HTTP/1.1" 404 - 1 0.001 0.032
2025-01-13 09:54:44,739 127193 INFO ? werkzeug: 127.0.0.1 - - [13/Jan/2025 09:54:44] "GET /web_editor/shape/web_editor/Wavy/13.svg?c4=%23FFFFFF HTTP/1.1" 404 - 1 0.001 0.032
2025-01-13 09:54:44,740 127193 INFO ? werkzeug: 127.0.0.1 - - [13/Jan/2025 09:54:44] "GET /web_editor/shape/web_editor/Wavy/12_001.svg?c1=%23714B67 HTTP/1.1" 404 - 1 0.001 0.032
2025-01-13 09:54:44,747 127193 INFO ? werkzeug: 127.0.0.1 - - [13/Jan/2025 09:54:44] "GET /web_editor/shape/web_editor/Wavy/13_001.svg?c1=%23714B67 HTTP/1.1" 404 - 1 0.001 0.035
2025-01-13 09:54:44,769 127193 INFO ? werkzeug: 127.0.0.1 - - [13/Jan/2025 09:54:44] "GET /web_editor/shape/web_editor/Wavy/14.svg?c1=%23714B67&c3=%23F3F2F2 HTTP/1.1" 404 - 1 0.002 0.033
2025-01-13 09:54:44,776 127193 INFO ? werkzeug: 127.0.0.1 - - [13/Jan/2025 09:54:44] "GET /web_editor/shape/web_editor/Wavy/15.svg?c1=%23714B67 HTTP/1.1" 404 - 1 0.001 0.034
2025-01-13 09:54:44,777 127193 INFO ? werkzeug: 127.0.0.1 - - [13/Jan/2025 09:54:44] "GET /web_editor/shape/web_editor/Wavy/16.svg?c1=%23714B67 HTTP/1.1" 404 - 1 0.001 0.031
2025-01-13 09:54:44,778 127193 INFO ? werkzeug: 127.0.0.1 - - [13/Jan/2025 09:54:44] "GET /web_editor/shape/web_editor/Wavy/18.svg?c5=%23111827 HTTP/1.1" 404 - 1 0.001 0.031
2025-01-13 09:54:44,778 127193 INFO ? werkzeug: 127.0.0.1 - - [13/Jan/2025 09:54:44] "GET /web_editor/shape/web_editor/Wavy/17.svg?c1=%23714B67 HTTP/1.1" 404 - 1 0.001 0.031
2025-01-13 09:54:44,785 127193 INFO ? werkzeug: 127.0.0.1 - - [13/Jan/2025 09:54:44] "GET /web_editor/shape/web_editor/Wavy/19.svg?c5=%23111827 HTTP/1.1" 404 - 1 0.002 0.034
2025-01-13 09:54:44,807 127193 INFO ? werkzeug: 127.0.0.1 - - [13/Jan/2025 09:54:44] "GET /web_editor/shape/web_editor/Wavy/20.svg?c2=%238595A2 HTTP/1.1" 404 - 1 0.001 0.035
2025-01-13 09:54:44,814 127193 INFO ? werkzeug: 127.0.0.1 - - [13/Jan/2025 09:54:44] "GET /web_editor/shape/web_editor/Wavy/21.svg?c2=%238595A2 HTTP/1.1" 404 - 1 0.001 0.034
2025-01-13 09:54:44,815 127193 INFO ? werkzeug: 127.0.0.1 - - [13/Jan/2025 09:54:44] "GET /web_editor/shape/web_editor/Wavy/23.svg?c3=%23F3F2F2 HTTP/1.1" 404 - 1 0.001 0.030
2025-01-13 09:54:44,815 127193 INFO ? werkzeug: 127.0.0.1 - - [13/Jan/2025 09:54:44] "GET /web_editor/shape/web_editor/Wavy/22.svg?c3=%23F3F2F2 HTTP/1.1" 404 - 1 0.001 0.031
2025-01-13 09:54:44,816 127193 INFO ? werkzeug: 127.0.0.1 - - [13/Jan/2025 09:54:44] "GET /web_editor/shape/web_editor/Wavy/24.svg?c1=%23714B67&c2=%238595A2 HTTP/1.1" 404 - 1 0.001 0.031
2025-01-13 09:54:44,823 127193 INFO ? werkzeug: 127.0.0.1 - - [13/Jan/2025 09:54:44] "GET /web_editor/shape/web_editor/Wavy/25.svg?c1=%23714B67&c2=%238595A2 HTTP/1.1" 404 - 1 0.001 0.034
2025-01-13 09:54:44,846 127193 INFO ? werkzeug: 127.0.0.1 - - [13/Jan/2025 09:54:44] "GET /web_editor/shape/web_editor/Wavy/26.svg?c1=%23714B67&c2=%238595A2 HTTP/1.1" 404 - 1 0.001 0.035
2025-01-13 09:54:44,856 127193 INFO ? werkzeug: 127.0.0.1 - - [13/Jan/2025 09:54:44] "GET /web_editor/shape/web_editor/Wavy/27.svg?c1=%23714B67&c2=%238595A2 HTTP/1.1" 404 - 1 0.001 0.038
2025-01-13 09:54:44,857 127193 INFO ? werkzeug: 127.0.0.1 - - [13/Jan/2025 09:54:44] "GET /web_editor/shape/web_editor/Wavy/28.svg?c1=%23714B67&c3=%23F3F2F2 HTTP/1.1" 404 - 1 0.001 0.036
2025-01-13 09:54:44,858 127193 INFO ? werkzeug: 127.0.0.1 - - [13/Jan/2025 09:54:44] "GET /web_editor/shape/web_editor/Zigs/01.svg?c2=%238595A2 HTTP/1.1" 404 - 1 0.001 0.036
2025-01-13 09:54:44,858 127193 INFO ? werkzeug: 127.0.0.1 - - [13/Jan/2025 09:54:44] "GET /web_editor/shape/web_editor/Zigs/01_001.svg?c2=%238595A2 HTTP/1.1" 404 - 1 0.002 0.036
2025-01-13 09:54:44,866 127193 INFO ? werkzeug: 127.0.0.1 - - [13/Jan/2025 09:54:44] "GET /web_editor/shape/web_editor/Zigs/02.svg?c2=%238595A2 HTTP/1.1" 404 - 1 0.002 0.039
2025-01-13 09:54:44,890 127193 INFO ? werkzeug: 127.0.0.1 - - [13/Jan/2025 09:54:44] "GET /web_editor/shape/web_editor/Zigs/02_001.svg?c2=%238595A2 HTTP/1.1" 404 - 1 0.002 0.039
2025-01-13 09:54:44,891 127193 INFO ? werkzeug: 127.0.0.1 - - [13/Jan/2025 09:54:44] "GET /web_editor/shape/web_editor/Zigs/03.svg?c1=%23714B67 HTTP/1.1" 404 - 1 0.001 0.030
2025-01-13 09:54:44,892 127193 INFO ? werkzeug: 127.0.0.1 - - [13/Jan/2025 09:54:44] "GET /web_editor/shape/web_editor/Zigs/04.svg?c1=%23714B67 HTTP/1.1" 404 - 1 0.001 0.027
2025-01-13 09:54:44,893 127193 INFO ? werkzeug: 127.0.0.1 - - [13/Jan/2025 09:54:44] "GET /web_editor/shape/web_editor/Zigs/06.svg?c4=%23FFFFFF&c5=%23111827 HTTP/1.1" 404 - 1 0.001 0.028
2025-01-13 09:54:44,893 127193 INFO ? werkzeug: 127.0.0.1 - - [13/Jan/2025 09:54:44] "GET /web_editor/shape/web_editor/Zigs/05.svg?c3=%23F3F2F2 HTTP/1.1" 404 - 1 0.002 0.028
2025-01-13 09:54:45,155 127193 INFO test odoo.addons.base.models.assetsbundle: Generating a new asset bundle attachment /web/assets/4d25a20/web.assets_frontend_lazy.min.js (id:30) 
2025-01-13 09:54:45,155 127193 INFO test odoo.addons.base.models.assetsbundle: Deleting attachments [16] (matching /web/assets/_______/web.assets_frontend_lazy.min.js) because it was replaced with /web/assets/4d25a20/web.assets_frontend_lazy.min.js 
2025-01-13 09:54:45,157 127193 INFO test werkzeug: 127.0.0.1 - - [13/Jan/2025 09:54:45] "GET /web/assets/4d25a20/web.assets_frontend_lazy.min.js HTTP/1.1" 200 - 14 0.004 0.284
2025-01-13 09:54:45,226 127193 INFO test werkzeug: 127.0.0.1 - - [13/Jan/2025 09:54:45] "GET /web/webclient/translations/1736762085214 HTTP/1.1" 200 - 7 0.002 0.008
2025-01-13 09:54:58,921 127193 INFO test odoo.addons.base.models.res_users: Login failed for db:test login:admin@admin.gmail.com from 127.0.0.1 
2025-01-13 09:54:58,923 127193 INFO test werkzeug: 127.0.0.1 - - [13/Jan/2025 09:54:58] "POST /web/login HTTP/1.1" 200 - 10 0.004 0.014
2025-01-13 09:54:58,968 127193 INFO test werkzeug: 127.0.0.1 - - [13/Jan/2025 09:54:58] "GET /web/binary/company_logo?dbname=test HTTP/1.1" 304 - 5 0.002 0.005
2025-01-13 09:54:59,590 127193 INFO test werkzeug: 127.0.0.1 - - [13/Jan/2025 09:54:59] "GET /web/webclient/translations/1736762099582 HTTP/1.1" 200 - 6 0.001 0.004
2025-01-13 09:55:07,939 127193 INFO test odoo.addons.base.models.ir_cron: Starting job `Base: Auto-vacuum internal data`. 
2025-01-13 09:55:07,957 127193 INFO test odoo.addons.base.models.ir_attachment: _file_gc could not unlink /home/nikita/Work/OdooProjects/Odoo1/data/filestore/test/04/046e318075f0ae9ec18481cebdf6ee5f52272572 
Traceback (most recent call last):
  File "/home/nikita/Work/OdooProjects/Odoo1/odoo/odoo/addons/base/models/ir_attachment.py", line 220, in _gc_file_store_unsafe
    os.unlink(self._full_path(fname))
FileNotFoundError: [Errno 2] No such file or directory: '/home/nikita/Work/OdooProjects/Odoo1/data/filestore/test/04/046e318075f0ae9ec18481cebdf6ee5f52272572'
2025-01-13 09:55:07,958 127193 INFO test odoo.addons.base.models.ir_attachment: _file_gc could not unlink /home/nikita/Work/OdooProjects/Odoo1/data/filestore/test/28/281dd28835f06c4e7552c5ae6ea02c57d25bf7a8 
Traceback (most recent call last):
  File "/home/nikita/Work/OdooProjects/Odoo1/odoo/odoo/addons/base/models/ir_attachment.py", line 220, in _gc_file_store_unsafe
    os.unlink(self._full_path(fname))
FileNotFoundError: [Errno 2] No such file or directory: '/home/nikita/Work/OdooProjects/Odoo1/data/filestore/test/28/281dd28835f06c4e7552c5ae6ea02c57d25bf7a8'
2025-01-13 09:55:07,958 127193 INFO test odoo.addons.base.models.ir_attachment: filestore gc 5 checked, 0 removed 
2025-01-13 09:55:07,988 127193 INFO test odoo.addons.base.models.res_users: GC'd 0 user log entries 
2025-01-13 09:55:08,002 127193 INFO test odoo.models.unlink: User #1 deleted base.language.install records with IDs: [1] 
2025-01-13 09:55:08,009 127193 INFO test odoo.addons.auth_totp.models.auth_totp: GC'd 0 totp devices entries 
2025-01-13 09:55:08,017 127193 INFO test odoo.models.unlink: User #1 deleted bus.bus records with IDs: [1, 2, 3, 4, 5, 6, 7, 8, 9, 10, 11, 12, 13] 
2025-01-13 09:55:08,023 127193 INFO test odoo.models.unlink: User #1 deleted bus.presence records with IDs: [1] 
2025-01-13 09:55:08,069 127193 INFO test odoo.addons.sms.models.sms_sms: GC'd 0 sms marked for deletion 
2025-01-13 09:55:08,076 127193 INFO test odoo.addons.base.models.ir_cron: Job done: `Base: Auto-vacuum internal data` (0.137s). 
2025-01-13 09:55:08,080 127193 INFO test odoo.addons.base.models.ir_cron: Starting job `Base: Portal Users Deletion`. 
2025-01-13 09:55:08,082 127193 INFO test odoo.addons.base.models.ir_cron: Job done: `Base: Portal Users Deletion` (0.002s). 
2025-01-13 09:55:08,086 127193 INFO test odoo.addons.base.models.ir_cron: Starting job `Mail: Email Queue Manager`. 
2025-01-13 09:55:08,090 127193 INFO test odoo.addons.base.models.ir_cron: Job done: `Mail: Email Queue Manager` (0.004s). 
2025-01-13 09:55:08,095 127193 INFO test odoo.addons.base.models.ir_cron: Starting job `Notification: Delete Notifications older than 6 Month`. 
2025-01-13 09:55:08,100 127193 INFO test odoo.addons.base.models.ir_cron: Job done: `Notification: Delete Notifications older than 6 Month` (0.005s). 
2025-01-13 09:55:08,104 127193 INFO test odoo.addons.base.models.ir_cron: Starting job `Notification: Send scheduled message notifications`. 
2025-01-13 09:55:08,106 127193 INFO test odoo.addons.base.models.ir_cron: Job done: `Notification: Send scheduled message notifications` (0.002s). 
2025-01-13 09:55:08,109 127193 INFO test odoo.addons.base.models.ir_cron: Starting job `Mail: send web push notification`. 
2025-01-13 09:55:08,111 127193 INFO test odoo.addons.base.models.ir_cron: Job done: `Mail: send web push notification` (0.002s). 
2025-01-13 09:55:08,112 127193 INFO test odoo.addons.base.models.ir_cron: Starting job `Mail: send web push notification`. 
2025-01-13 09:55:08,112 127193 INFO test odoo.addons.base.models.ir_cron: Job done: `Mail: send web push notification` (0.000s). 
2025-01-13 09:55:08,115 127193 INFO test odoo.addons.base.models.ir_cron: Starting job `Discuss: channel member unmute`. 
2025-01-13 09:55:08,120 127193 INFO test odoo.addons.base.models.ir_cron: Job done: `Discuss: channel member unmute` (0.005s). 
2025-01-13 09:55:08,123 127193 INFO test odoo.addons.base.models.ir_cron: Starting job `Users: Notify About Unregistered Users`. 
2025-01-13 09:55:08,128 127193 INFO test odoo.addons.base.models.ir_cron: Job done: `Users: Notify About Unregistered Users` (0.005s). 
2025-01-13 09:55:08,132 127193 INFO test odoo.addons.base.models.ir_cron: Starting job `Partner Autocomplete: Sync with remote DB`. 
2025-01-13 09:55:08,134 127193 INFO test odoo.addons.base.models.ir_cron: Job done: `Partner Autocomplete: Sync with remote DB` (0.002s). 
2025-01-13 09:55:08,137 127193 INFO test odoo.addons.base.models.ir_cron: Starting job `SMS: SMS Queue Manager`. 
2025-01-13 09:55:08,139 127193 INFO test odoo.addons.base.models.ir_cron: Job done: `SMS: SMS Queue Manager` (0.002s). 
2025-01-13 09:55:08,142 127193 INFO test odoo.addons.base.models.ir_cron: Starting job `Snailmail: process letters queue`. 
2025-01-13 09:55:08,144 127193 INFO test odoo.addons.base.models.ir_cron: Job done: `Snailmail: process letters queue` (0.002s). 
2025-01-13 10:01:31,835 127193 INFO test odoo.addons.base.models.res_users: Login failed for db:test login:admin@gmail.com from 127.0.0.1 
2025-01-13 10:01:31,837 127193 INFO test werkzeug: 127.0.0.1 - - [13/Jan/2025 10:01:31] "POST /web/login HTTP/1.1" 200 - 8 0.003 0.013
2025-01-13 10:01:31,875 127193 INFO test werkzeug: 127.0.0.1 - - [13/Jan/2025 10:01:31] "GET /web/binary/company_logo?dbname=test HTTP/1.1" 304 - 5 0.002 0.006
2025-01-13 10:01:32,669 127193 INFO test werkzeug: 127.0.0.1 - - [13/Jan/2025 10:01:32] "GET /web/webclient/translations/1736762492661 HTTP/1.1" 200 - 6 0.001 0.004
2025-01-13 10:02:13,640 127193 INFO test odoo.addons.base.models.res_users: Login successful for db:test login:admin from 127.0.0.1 
2025-01-13 10:02:13,646 127193 INFO test werkzeug: 127.0.0.1 - - [13/Jan/2025 10:02:13] "POST /web/login HTTP/1.1" 303 - 41 0.012 0.354
2025-01-13 10:02:13,676 127193 INFO test odoo.addons.base.models.ir_attachment: _read_file reading /home/nikita/Work/OdooProjects/Odoo1/data/filestore/test/74/744fc247b813c44f4cf02357706e88b283cb0f97 
Traceback (most recent call last):
  File "/home/nikita/Work/OdooProjects/Odoo1/odoo/odoo/tools/cache.py", line 99, in lookup
    r = d[key]
  File "<decorator-gen-5>", line 2, in __getitem__
  File "/home/nikita/Work/OdooProjects/Odoo1/odoo/odoo/tools/func.py", line 87, in locked
    return func(inst, *args, **kwargs)
  File "/home/nikita/Work/OdooProjects/Odoo1/odoo/odoo/tools/lru.py", line 34, in __getitem__
    a = self.d[obj]
KeyError: ('ir.ui.menu', <function IrUiMenu.load_menus at 0x73c330780670>, 2, '', ('en_US',))

During handling of the above exception, another exception occurred:

Traceback (most recent call last):
  File "/home/nikita/Work/OdooProjects/Odoo1/odoo/odoo/addons/base/models/ir_attachment.py", line 128, in _file_read
    with open(full_path, 'rb') as f:
FileNotFoundError: [Errno 2] No such file or directory: '/home/nikita/Work/OdooProjects/Odoo1/data/filestore/test/74/744fc247b813c44f4cf02357706e88b283cb0f97'
2025-01-13 10:02:13,677 127193 INFO test odoo.addons.base.models.ir_attachment: _read_file reading /home/nikita/Work/OdooProjects/Odoo1/data/filestore/test/3d/3d7a7360fe4a73a90dd3b4ba554a9254ed61e864 
Traceback (most recent call last):
  File "/home/nikita/Work/OdooProjects/Odoo1/odoo/odoo/tools/cache.py", line 99, in lookup
    r = d[key]
  File "<decorator-gen-5>", line 2, in __getitem__
  File "/home/nikita/Work/OdooProjects/Odoo1/odoo/odoo/tools/func.py", line 87, in locked
    return func(inst, *args, **kwargs)
  File "/home/nikita/Work/OdooProjects/Odoo1/odoo/odoo/tools/lru.py", line 34, in __getitem__
    a = self.d[obj]
KeyError: ('ir.ui.menu', <function IrUiMenu.load_menus at 0x73c330780670>, 2, '', ('en_US',))

During handling of the above exception, another exception occurred:

Traceback (most recent call last):
  File "/home/nikita/Work/OdooProjects/Odoo1/odoo/odoo/addons/base/models/ir_attachment.py", line 128, in _file_read
    with open(full_path, 'rb') as f:
FileNotFoundError: [Errno 2] No such file or directory: '/home/nikita/Work/OdooProjects/Odoo1/data/filestore/test/3d/3d7a7360fe4a73a90dd3b4ba554a9254ed61e864'
2025-01-13 10:02:13,677 127193 INFO test odoo.addons.base.models.ir_attachment: _read_file reading /home/nikita/Work/OdooProjects/Odoo1/data/filestore/test/b7/b73a9deb85def8a1a00e4d545c4f79747d78f487 
Traceback (most recent call last):
  File "/home/nikita/Work/OdooProjects/Odoo1/odoo/odoo/tools/cache.py", line 99, in lookup
    r = d[key]
  File "<decorator-gen-5>", line 2, in __getitem__
  File "/home/nikita/Work/OdooProjects/Odoo1/odoo/odoo/tools/func.py", line 87, in locked
    return func(inst, *args, **kwargs)
  File "/home/nikita/Work/OdooProjects/Odoo1/odoo/odoo/tools/lru.py", line 34, in __getitem__
    a = self.d[obj]
KeyError: ('ir.ui.menu', <function IrUiMenu.load_menus at 0x73c330780670>, 2, '', ('en_US',))

During handling of the above exception, another exception occurred:

Traceback (most recent call last):
  File "/home/nikita/Work/OdooProjects/Odoo1/odoo/odoo/addons/base/models/ir_attachment.py", line 128, in _file_read
    with open(full_path, 'rb') as f:
FileNotFoundError: [Errno 2] No such file or directory: '/home/nikita/Work/OdooProjects/Odoo1/data/filestore/test/b7/b73a9deb85def8a1a00e4d545c4f79747d78f487'
2025-01-13 10:02:13,762 127193 INFO test werkzeug: 127.0.0.1 - - [13/Jan/2025 10:02:13] "GET /web HTTP/1.1" 200 - 61 0.026 0.086
2025-01-13 10:02:14,753 127193 INFO test werkzeug: 127.0.0.1 - - [13/Jan/2025 10:02:14] "GET /web/webclient/load_menus/dba0998c6e72d18129582430845b0dd237659b111f7ff023a49f6c77d2f34850 HTTP/1.1" 200 - 1 0.003 0.034
2025-01-13 10:02:14,757 127193 INFO test werkzeug: 127.0.0.1 - - [13/Jan/2025 10:02:14] "GET /web/webclient/translations/73e2fe4647b0be0716bad9ed3bdd12bfc15038ed?lang=en_US HTTP/1.1" 200 - 3 0.009 0.031
2025-01-13 10:02:14,771 127193 INFO test odoo.addons.base.models.assetsbundle: Generating a new asset bundle attachment /web/assets/546fcfa/web.assets_web.min.css (id:31) 
2025-01-13 10:02:14,772 127193 INFO test odoo.addons.base.models.assetsbundle: Deleting attachments [26] (matching /web/assets/_______/web.assets_web.min.css) because it was replaced with /web/assets/546fcfa/web.assets_web.min.css 
2025-01-13 10:02:14,783 127193 INFO test werkzeug: 127.0.0.1 - - [13/Jan/2025 10:02:14] "GET /web/assets/546fcfa/web.assets_web.min.css HTTP/1.1" 200 - 14 0.020 0.958
2025-01-13 10:02:15,084 127193 INFO ? werkzeug: 127.0.0.1 - - [13/Jan/2025 10:02:15] "GET /web/static/img/graph_background.png HTTP/1.1" 200 - 1 0.007 0.037
2025-01-13 10:02:15,085 127193 INFO ? werkzeug: 127.0.0.1 - - [13/Jan/2025 10:02:15] "GET /web/static/img/smiling_face.svg HTTP/1.1" 200 - 1 0.004 0.040
2025-01-13 10:02:15,086 127193 INFO ? werkzeug: 127.0.0.1 - - [13/Jan/2025 10:02:15] "GET /base_import/static/src/import_data_content/img/studio_icons.png HTTP/1.1" 200 - 1 0.005 0.039
2025-01-13 10:02:15,087 127193 INFO ? werkzeug: 127.0.0.1 - - [13/Jan/2025 10:02:15] "GET /web/static/img/neutral_face.svg HTTP/1.1" 200 - 1 0.003 0.043
2025-01-13 10:02:15,575 127193 INFO test odoo.addons.base.models.assetsbundle: Generating a new asset bundle attachment /web/assets/4fde75a/web.assets_web.min.js (id:32) 
2025-01-13 10:02:15,576 127193 INFO test odoo.addons.base.models.assetsbundle: Deleting attachments [27] (matching /web/assets/_______/web.assets_web.min.js) because it was replaced with /web/assets/4fde75a/web.assets_web.min.js 
2025-01-13 10:02:15,587 127193 INFO test werkzeug: 127.0.0.1 - - [13/Jan/2025 10:02:15] "GET /web/assets/4fde75a/web.assets_web.min.js HTTP/1.1" 200 - 13 0.004 1.775
2025-01-13 10:02:15,845 127193 INFO test odoo.addons.base.models.assetsbundle: Generating a new asset bundle attachment /web/assets/f9671c7/bus.websocket_worker_assets.min.js (id:33) 
2025-01-13 10:02:15,846 127193 INFO test odoo.addons.base.models.assetsbundle: Deleting attachments [19] (matching /web/assets/_______/bus.websocket_worker_assets.min.js) because it was replaced with /web/assets/f9671c7/bus.websocket_worker_assets.min.js 
2025-01-13 10:02:15,852 127193 INFO test werkzeug: 127.0.0.1 - - [13/Jan/2025 10:02:15] "GET /bus/websocket_worker_bundle?v=17.0-1 HTTP/1.1" 200 - 10 0.005 0.012
2025-01-13 10:02:15,870 127193 INFO test werkzeug: 127.0.0.1 - - [13/Jan/2025 10:02:15] "GET /web/service-worker.js HTTP/1.1" 200 - 1 0.002 0.006
2025-01-13 10:02:15,899 127193 INFO test werkzeug: 127.0.0.1 - - [13/Jan/2025 10:02:15] "POST /mail/init_messaging HTTP/1.1" 200 - 54 0.028 0.027
2025-01-13 10:02:15,906 127193 INFO test werkzeug: 127.0.0.1 - - [13/Jan/2025 10:02:15] "POST /web/dataset/call_kw/res.users/systray_get_activities HTTP/1.1" 200 - 4 0.001 0.002
2025-01-13 10:02:15,935 127193 INFO test werkzeug: 127.0.0.1 - - [13/Jan/2025 10:02:15] "POST /web/action/load HTTP/1.1" 200 - 6 0.006 0.005
2025-01-13 10:02:15,936 127193 INFO test werkzeug: 127.0.0.1 - - [13/Jan/2025 10:02:15] "GET /web/image?model=res.users&field=avatar_128&id=2 HTTP/1.1" 200 - 8 0.004 0.007
2025-01-13 10:02:15,943 127193 INFO ? werkzeug: 127.0.0.1 - - [13/Jan/2025 10:02:15] "GET /web/static/lib/odoo_ui_icons/fonts/odoo_ui_icons.woff2 HTTP/1.1" 200 - 0 0.000 0.001
2025-01-13 10:02:15,955 127193 INFO test werkzeug: 127.0.0.1 - - [13/Jan/2025 10:02:15] "POST /mail/load_message_failures HTTP/1.1" 200 - 3 0.002 0.005
2025-01-13 10:02:15,961 127193 INFO test werkzeug: 127.0.0.1 - - [13/Jan/2025 10:02:15] "GET /web/offline HTTP/1.1" 200 - 6 0.003 0.008
2025-01-13 10:02:15,985 127193 INFO test werkzeug: 127.0.0.1 - - [13/Jan/2025 10:02:15] "GET /websocket?version=17.0-1 HTTP/1.1" 101 - 1 0.000 0.002
2025-01-13 10:02:16,025 127193 INFO test werkzeug: 127.0.0.1 - - [13/Jan/2025 10:02:16] "POST /mail/inbox/messages HTTP/1.1" 200 - 7 0.003 0.003
2025-01-13 10:02:16,043 127193 INFO test odoo.addons.base.models.ir_attachment: _read_file reading /home/nikita/Work/OdooProjects/Odoo1/data/filestore/test/36/36ba5ef36880a809f9bdddfe35f12fcf34406a6e 
Traceback (most recent call last):
  File "/home/nikita/Work/OdooProjects/Odoo1/odoo/odoo/addons/base/models/ir_attachment.py", line 128, in _file_read
    with open(full_path, 'rb') as f:
FileNotFoundError: [Errno 2] No such file or directory: '/home/nikita/Work/OdooProjects/Odoo1/data/filestore/test/36/36ba5ef36880a809f9bdddfe35f12fcf34406a6e'
2025-01-13 10:02:16,046 127193 INFO test werkzeug: 127.0.0.1 - - [13/Jan/2025 10:02:16] "GET /discuss/channel/1/avatar_128?unique=51f6e6cc42b3e850586e4af348b5c9dc0aab062275fa81ed707e80ff8f564a63523028414badecf93b3862974fbca66eac40d9c0cfe6e7c8226e4268a83e29a9 HTTP/1.1" 200 - 9 0.007 0.008
2025-01-13 10:02:16,051 127193 INFO test werkzeug: 127.0.0.1 - - [13/Jan/2025 10:02:16] "GET /web/image/res.partner/2/avatar_128?unique=2025-01-10%2012%3A44%3A46 HTTP/1.1" 200 - 7 0.004 0.015
2025-01-13 10:02:16,091 127193 INFO test werkzeug: 127.0.0.1 - - [13/Jan/2025 10:02:16] "GET /web/manifest.webmanifest HTTP/1.1" 200 - 9 0.005 0.005
2025-01-13 10:02:16,097 127193 INFO ? werkzeug: 127.0.0.1 - - [13/Jan/2025 10:02:16] "GET /web/static/img/odoo-icon-192x192.png HTTP/1.1" 200 - 0 0.000 0.001
2025-01-13 10:02:16,294 127193 INFO ? odoo.addons.bus.models.bus: Bus.loop listen imbus on db postgres 
2025-01-13 10:02:23,856 127193 INFO test werkzeug: 127.0.0.1 - - [13/Jan/2025 10:02:23] "POST /mail/starred/messages HTTP/1.1" 200 - 4 0.002 0.004
2025-01-13 10:02:24,411 127193 INFO test werkzeug: 127.0.0.1 - - [13/Jan/2025 10:02:24] "POST /mail/history/messages HTTP/1.1" 200 - 4 0.002 0.005
2025-01-13 10:09:33,390 127193 INFO ? odoo.service.server: Initiating shutdown 
2025-01-13 10:09:33,390 127193 INFO ? odoo.service.server: Hit CTRL-C again or send a second signal to force the shutdown. 
2025-01-13 10:09:33,823 127193 INFO ? odoo.sql_db: ConnectionPool(used=0/count=0/max=64): Closed 7 connections  
2025-01-13 10:12:41,205 160138 INFO ? odoo: Odoo version 17.0 
2025-01-13 10:12:41,205 160138 INFO ? odoo: Using configuration file at /home/nikita/Work/OdooProjects/Odoo1/conf/odoo.conf 
2025-01-13 10:12:41,205 160138 INFO ? odoo: addons paths: ['/home/nikita/Work/OdooProjects/Odoo1/odoo/odoo/addons', '/home/nikita/Work/OdooProjects/Odoo1/data/addons/17.0', '/home/nikita/Work/OdooProjects/Odoo1/odoo/addons', '/home/nikita/Work/OdooProjects/Odoo1/custom_addons'] 
2025-01-13 10:12:41,205 160138 INFO ? odoo: database: odoo1_user@localhost:5432 
2025-01-13 10:12:41,267 160138 INFO ? odoo.addons.base.models.ir_actions_report: Will use the Wkhtmltopdf binary at /usr/bin/wkhtmltopdf 
2025-01-13 10:12:41,394 160138 INFO ? odoo.service.server: HTTP service (werkzeug) running on nikita:8069 
2025-01-13 10:12:57,332 160138 ERROR ? odoo.sql_db: bad query: CREATE SEQUENCE "base_registry_signaling" INCREMENT BY 1 START WITH 1
ERROR: relation "base_registry_signaling" already exists
 
2025-01-13 10:12:57,332 160138 ERROR ? odoo.modules.registry: Failed to load registry 
Traceback (most recent call last):
  File "/home/nikita/Work/OdooProjects/Odoo1/odoo/odoo/modules/registry.py", line 87, in __new__
    return cls.registries[db_name]
  File "<decorator-gen-5>", line 2, in __getitem__
  File "/home/nikita/Work/OdooProjects/Odoo1/odoo/odoo/tools/func.py", line 87, in locked
    return func(inst, *args, **kwargs)
  File "/home/nikita/Work/OdooProjects/Odoo1/odoo/odoo/tools/lru.py", line 34, in __getitem__
    a = self.d[obj]
KeyError: 'test'

During handling of the above exception, another exception occurred:

Traceback (most recent call last):
  File "/home/nikita/Work/OdooProjects/Odoo1/odoo/odoo/modules/registry.py", line 107, in new
    registry.setup_signaling()
  File "/home/nikita/Work/OdooProjects/Odoo1/odoo/odoo/modules/registry.py", line 806, in setup_signaling
    cr.execute(SQL(
  File "/home/nikita/Work/OdooProjects/Odoo1/odoo/odoo/sql_db.py", line 332, in execute
    res = self._obj.execute(query, params)
psycopg2.errors.DuplicateTable: relation "base_registry_signaling" already exists

2025-01-13 10:12:57,345 160138 INFO ? werkzeug: 127.0.0.1 - - [13/Jan/2025 10:12:57] "GET / HTTP/1.1" 303 - 3 0.003 0.021
2025-01-13 10:12:57,370 160138 INFO ? werkzeug: 127.0.0.1 - - [13/Jan/2025 10:12:57] "GET /web HTTP/1.1" 303 - 2 0.002 0.013
2025-01-13 10:12:57,902 160138 INFO ? werkzeug: 127.0.0.1 - - [13/Jan/2025 10:12:57] "GET /web/database/selector HTTP/1.1" 200 - 2 0.003 0.524
2025-01-13 10:13:00,224 160138 INFO ? werkzeug: 127.0.0.1 - - [13/Jan/2025 10:13:00] "GET /web/service-worker.js HTTP/1.1" 404 - 1 0.001 0.007
2025-01-13 10:13:01,687 160138 INFO ? werkzeug: 127.0.0.1 - - [13/Jan/2025 10:13:01] "GET /web/service-worker.js HTTP/1.1" 404 - 1 0.001 0.007
2025-01-13 10:14:09,192 160138 INFO ? werkzeug: 127.0.0.1 - - [13/Jan/2025 10:14:09] "GET /web/database/selector HTTP/1.1" 200 - 2 0.002 0.431
2025-01-13 10:14:11,185 160138 INFO ? werkzeug: 127.0.0.1 - - [13/Jan/2025 10:14:11] "GET /web/service-worker.js HTTP/1.1" 404 - 1 0.001 0.007
2025-01-13 10:14:33,577 160138 INFO None odoo.service.db: Create database `Test`. 
2025-01-13 10:14:33,584 160138 ERROR None odoo.sql_db: bad query: CREATE DATABASE "Test" ENCODING 'unicode' LC_COLLATE 'C' TEMPLATE "template0"
ERROR: permission denied to create database
 
2025-01-13 10:14:33,584 160138 ERROR None odoo.addons.web.controllers.database: Database creation error. 
Traceback (most recent call last):
  File "/home/nikita/Work/OdooProjects/Odoo1/odoo/addons/web/controllers/database.py", line 81, in create
    dispatch_rpc('db', 'create_database', [master_pwd, name, bool(post.get('demo')), lang, password, post['login'], country_code, post['phone']])
  File "/home/nikita/Work/OdooProjects/Odoo1/odoo/odoo/http.py", line 389, in dispatch_rpc
    return dispatch(method, params)
  File "/home/nikita/Work/OdooProjects/Odoo1/odoo/odoo/service/db.py", line 488, in dispatch
    return g[exp_method_name](*params)
  File "<decorator-gen-20>", line 2, in exp_create_database
  File "/home/nikita/Work/OdooProjects/Odoo1/odoo/odoo/service/db.py", line 43, in if_db_mgt_enabled
    return method(self, *args, **kwargs)
  File "/home/nikita/Work/OdooProjects/Odoo1/odoo/odoo/service/db.py", line 148, in exp_create_database
    _create_empty_database(db_name)
  File "/home/nikita/Work/OdooProjects/Odoo1/odoo/odoo/service/db.py", line 114, in _create_empty_database
    cr.execute(
  File "/home/nikita/Work/OdooProjects/Odoo1/odoo/odoo/sql_db.py", line 332, in execute
    res = self._obj.execute(query, params)
psycopg2.errors.InsufficientPrivilege: permission denied to create database

2025-01-13 10:14:33,954 160138 INFO None werkzeug: 127.0.0.1 - - [13/Jan/2025 10:14:33] "POST /web/database/create HTTP/1.1" 200 - 3 0.003 1.715
2025-01-13 10:14:36,055 160138 INFO ? werkzeug: 127.0.0.1 - - [13/Jan/2025 10:14:36] "GET /web/service-worker.js HTTP/1.1" 404 - 1 0.001 0.007
2025-01-13 10:15:05,696 160138 INFO ? odoo.service.server: Initiating shutdown 
2025-01-13 10:15:05,696 160138 INFO ? odoo.service.server: Hit CTRL-C again or send a second signal to force the shutdown. 
2025-01-13 10:15:05,766 160138 INFO ? odoo.sql_db: ConnectionPool(used=0/count=0/max=64): Closed 3 connections  
2025-01-13 10:15:47,435 165544 INFO ? odoo: Odoo version 17.0 
2025-01-13 10:15:47,435 165544 INFO ? odoo: Using configuration file at /home/nikita/Work/OdooProjects/Odoo1/conf/odoo.conf 
2025-01-13 10:15:47,435 165544 INFO ? odoo: addons paths: ['/home/nikita/Work/OdooProjects/Odoo1/odoo/odoo/addons', '/home/nikita/Work/OdooProjects/Odoo1/data/addons/17.0', '/home/nikita/Work/OdooProjects/Odoo1/odoo/addons', '/home/nikita/Work/OdooProjects/Odoo1/custom_addons'] 
2025-01-13 10:15:47,435 165544 INFO ? odoo: database: odoo@localhost:5432 
2025-01-13 10:15:47,497 165544 INFO ? odoo.addons.base.models.ir_actions_report: Will use the Wkhtmltopdf binary at /usr/bin/wkhtmltopdf 
2025-01-13 10:15:47,616 165544 INFO ? odoo.service.server: HTTP service (werkzeug) running on nikita:8069 
2025-01-13 10:15:52,055 165544 INFO None odoo.service.db: Create database `Test`. 
2025-01-13 10:15:52,745 165544 INFO None odoo.modules.loading: loading 1 modules... 
2025-01-13 10:15:52,745 165544 INFO None odoo.modules.loading: Loading module base (1/1) 
2025-01-13 10:15:52,761 165544 INFO None odoo.modules.registry: module base: creating or updating database tables 
2025-01-13 10:15:53,064 165544 INFO None odoo.models: Prepare computation of ir.module.module.menus_by_module 
2025-01-13 10:15:53,064 165544 INFO None odoo.models: Prepare computation of ir.module.module.reports_by_module 
2025-01-13 10:15:53,065 165544 INFO None odoo.models: Prepare computation of ir.module.module.views_by_module 
2025-01-13 10:15:53,154 165544 INFO None odoo.models: Prepare computation of res.partner.user_id 
2025-01-13 10:15:53,154 165544 INFO None odoo.models: Prepare computation of res.partner.commercial_partner_id 
2025-01-13 10:15:53,154 165544 INFO None odoo.models: Prepare computation of res.partner.complete_name 
2025-01-13 10:15:53,154 165544 INFO None odoo.models: Prepare computation of res.partner.company_registry 
2025-01-13 10:15:53,154 165544 INFO None odoo.models: Prepare computation of res.partner.commercial_company_name 
2025-01-13 10:15:53,154 165544 INFO None odoo.models: Prepare computation of res.partner.partner_share 
2025-01-13 10:15:53,193 165544 INFO None odoo.models: Prepare computation of res.currency.decimal_places 
2025-01-13 10:15:53,213 165544 INFO None odoo.models: Prepare computation of res.company.uses_default_logo 
2025-01-13 10:15:53,214 165544 INFO None odoo.models: Prepare computation of res.company.logo_web 
2025-01-13 10:15:53,215 165544 INFO None odoo.models: Computing parent_path for table res_company... 
2025-01-13 10:15:53,242 165544 INFO None odoo.models: Prepare computation of res.users.signature 
2025-01-13 10:15:53,242 165544 INFO None odoo.models: Prepare computation of res.users.share 
2025-01-13 10:15:54,117 165544 INFO None odoo.modules.loading: loading base/data/res_bank.xml 
2025-01-13 10:15:54,121 165544 INFO None odoo.modules.loading: loading base/data/res.lang.csv 
2025-01-13 10:15:54,148 165544 INFO None odoo.modules.loading: loading base/data/res_lang_data.xml 
2025-01-13 10:15:54,167 165544 INFO None odoo.modules.loading: loading base/data/res_partner_data.xml 
2025-01-13 10:15:54,206 165544 INFO None odoo.modules.loading: loading base/data/res_currency_data.xml 
2025-01-13 10:15:54,559 165544 INFO None odoo.modules.loading: loading base/data/res_company_data.xml 
2025-01-13 10:15:54,565 165544 INFO None odoo.modules.loading: loading base/data/res_users_data.xml 
2025-01-13 10:15:55,244 165544 INFO None odoo.modules.loading: loading base/data/report_paperformat_data.xml 
2025-01-13 10:15:55,249 165544 INFO None odoo.modules.loading: loading base/data/res_country_data.xml 
2025-01-13 10:15:55,524 165544 INFO None odoo.modules.loading: loading base/data/ir_demo_data.xml 
2025-01-13 10:15:55,534 165544 INFO None odoo.modules.loading: loading base/security/base_groups.xml 
2025-01-13 10:15:55,770 165544 INFO None odoo.modules.loading: loading base/security/base_security.xml 
2025-01-13 10:15:55,849 165544 INFO None odoo.modules.loading: loading base/views/base_menus.xml 
2025-01-13 10:15:55,892 165544 INFO None odoo.modules.loading: loading base/views/decimal_precision_views.xml 
2025-01-13 10:15:55,903 165544 INFO None odoo.modules.loading: loading base/views/res_config_views.xml 
2025-01-13 10:15:55,908 165544 INFO None odoo.modules.loading: loading base/data/res.country.state.csv 
2025-01-13 10:15:56,227 165544 INFO None odoo.modules.loading: loading base/views/ir_actions_views.xml 
2025-01-13 10:15:56,298 165544 INFO None odoo.modules.loading: loading base/views/ir_asset_views.xml 
2025-01-13 10:15:56,309 165544 INFO None odoo.modules.loading: loading base/views/ir_config_parameter_views.xml 
2025-01-13 10:15:56,320 165544 INFO None odoo.modules.loading: loading base/views/ir_cron_views.xml 
2025-01-13 10:15:56,337 165544 INFO None odoo.modules.loading: loading base/views/ir_cron_trigger_views.xml 
2025-01-13 10:15:56,348 165544 INFO None odoo.modules.loading: loading base/views/ir_filters_views.xml 
2025-01-13 10:15:56,359 165544 INFO None odoo.modules.loading: loading base/views/ir_mail_server_views.xml 
2025-01-13 10:15:56,372 165544 INFO None odoo.modules.loading: loading base/views/ir_model_views.xml 
2025-01-13 10:15:56,465 165544 INFO None odoo.modules.loading: loading base/views/ir_attachment_views.xml 
2025-01-13 10:15:56,479 165544 INFO None odoo.modules.loading: loading base/views/ir_rule_views.xml 
2025-01-13 10:15:56,495 165544 INFO None odoo.modules.loading: loading base/views/ir_sequence_views.xml 
2025-01-13 10:15:56,509 165544 INFO None odoo.modules.loading: loading base/views/ir_ui_menu_views.xml 
2025-01-13 10:15:56,521 165544 INFO None odoo.modules.loading: loading base/views/ir_ui_view_views.xml 
2025-01-13 10:15:56,550 165544 INFO None odoo.modules.loading: loading base/views/ir_default_views.xml 
2025-01-13 10:15:56,562 165544 INFO None odoo.modules.loading: loading base/data/ir_cron_data.xml 
2025-01-13 10:15:56,571 165544 INFO None odoo.modules.loading: loading base/report/ir_model_report.xml 
2025-01-13 10:15:56,574 165544 INFO None odoo.modules.loading: loading base/report/ir_model_templates.xml 
2025-01-13 10:15:56,579 165544 INFO None odoo.modules.loading: loading base/views/ir_logging_views.xml 
2025-01-13 10:15:56,590 165544 INFO None odoo.modules.loading: loading base/views/ir_qweb_widget_templates.xml 
2025-01-13 10:15:56,598 165544 INFO None odoo.modules.loading: loading base/views/ir_module_views.xml 
2025-01-13 10:15:56,629 165544 INFO None odoo.modules.loading: loading base/data/ir_module_category_data.xml 
2025-01-13 10:15:56,673 165544 INFO None odoo.modules.loading: loading base/data/ir_module_module.xml 
2025-01-13 10:15:56,718 165544 INFO None odoo.modules.loading: loading base/report/ir_module_reports.xml 
2025-01-13 10:15:56,720 165544 INFO None odoo.modules.loading: loading base/report/ir_module_report_templates.xml 
2025-01-13 10:15:56,724 165544 INFO None odoo.modules.loading: loading base/wizard/base_module_update_views.xml 
2025-01-13 10:15:56,732 165544 INFO None odoo.modules.loading: loading base/wizard/base_language_install_views.xml 
2025-01-13 10:15:56,741 165544 INFO None odoo.modules.loading: loading base/wizard/base_import_language_views.xml 
2025-01-13 10:15:56,749 165544 INFO None odoo.modules.loading: loading base/wizard/base_module_upgrade_views.xml 
2025-01-13 10:15:56,762 165544 INFO None odoo.modules.loading: loading base/wizard/base_module_uninstall_views.xml 
2025-01-13 10:15:56,767 165544 INFO None odoo.modules.loading: loading base/wizard/base_export_language_views.xml 
2025-01-13 10:15:56,775 165544 INFO None odoo.modules.loading: loading base/wizard/base_partner_merge_views.xml 
2025-01-13 10:15:56,784 165544 INFO None odoo.modules.loading: loading base/data/ir_demo_failure_data.xml 
2025-01-13 10:15:56,793 165544 INFO None odoo.modules.loading: loading base/views/ir_profile_views.xml 
2025-01-13 10:15:56,807 165544 INFO None odoo.modules.loading: loading base/views/res_company_views.xml 
2025-01-13 10:15:56,821 165544 INFO None odoo.modules.loading: loading base/views/res_lang_views.xml 
2025-01-13 10:15:56,836 165544 INFO None odoo.modules.loading: loading base/views/res_partner_views.xml 
2025-01-13 10:15:56,903 165544 INFO None odoo.modules.loading: loading base/views/res_bank_views.xml 
2025-01-13 10:15:56,923 165544 INFO None odoo.modules.loading: loading base/views/res_country_views.xml 
2025-01-13 10:15:56,948 165544 INFO None odoo.modules.loading: loading base/views/res_currency_views.xml 
2025-01-13 10:15:56,971 165544 INFO None odoo.modules.loading: loading base/views/res_users_views.xml 
2025-01-13 10:15:57,037 165544 INFO None odoo.modules.loading: loading base/views/res_users_identitycheck_views.xml 
2025-01-13 10:15:57,044 165544 INFO None odoo.modules.loading: loading base/views/ir_property_views.xml 
2025-01-13 10:15:57,055 165544 INFO None odoo.modules.loading: loading base/views/res_config_settings_views.xml 
2025-01-13 10:15:57,059 165544 INFO None odoo.modules.loading: loading base/views/report_paperformat_views.xml 
2025-01-13 10:15:57,074 165544 INFO None odoo.modules.loading: loading base/security/ir.model.access.csv 
2025-01-13 10:15:57,138 165544 INFO None odoo.modules.loading: Module base: loading demo 
2025-01-13 10:15:57,138 165544 INFO None odoo.modules.loading: loading base/data/res_users_demo.xml 
2025-01-13 10:15:58,172 165544 INFO None odoo.modules.loading: loading base/data/res_partner_bank_demo.xml 
2025-01-13 10:15:58,175 165544 INFO None odoo.modules.loading: loading base/data/res_currency_demo.xml 
2025-01-13 10:15:58,178 165544 INFO None odoo.modules.loading: loading base/data/res_currency_rate_demo.xml 
2025-01-13 10:15:58,325 165544 INFO None odoo.modules.loading: loading base/data/res_bank_demo.xml 
2025-01-13 10:15:58,328 165544 INFO None odoo.modules.loading: loading base/data/res_partner_demo.xml 
2025-01-13 10:15:58,454 165544 INFO None odoo.modules.loading: loading base/data/res_partner_image_demo.xml 
2025-01-13 10:15:58,735 165544 INFO None odoo.modules.loading: Module base loaded in 5.99s, 9083 queries (+9083 other) 
2025-01-13 10:15:58,735 165544 INFO None odoo.modules.loading: 1 modules loaded in 5.99s, 9083 queries (+9083 extra) 
2025-01-13 10:15:58,757 165544 INFO None odoo.modules.loading: updating modules list 
2025-01-13 10:15:58,757 165544 INFO None odoo.addons.base.models.ir_module: ALLOW access to module.update_list on [] to user __system__ #1 via n/a 
2025-01-13 10:15:58,887 165544 INFO ? werkzeug: 127.0.0.1 - - [13/Jan/2025 10:15:58] "GET / HTTP/1.1" 303 - 1 0.002 0.009
2025-01-13 10:15:58,915 165544 INFO ? werkzeug: 127.0.0.1 - - [13/Jan/2025 10:15:58] "GET /web HTTP/1.1" 303 - 2 0.003 0.015
2025-01-13 10:15:59,226 165544 INFO None odoo.modules.loading: loading 11 modules... 
2025-01-13 10:15:59,226 165544 INFO None odoo.modules.loading: Loading module web (2/11) 
2025-01-13 10:15:59,243 165544 INFO None odoo.modules.registry: module web: creating or updating database tables 
2025-01-13 10:15:59,317 165544 INFO ? odoo.sql_db: ConnectionPool(used=2/count=4/max=64): Closed 2 connections to 'user=odoo password=xxx dbname=Test host=localhost port=5432 application_name=odoo-165544 sslmode=prefer' 
2025-01-13 10:15:59,341 165544 WARNING None odoo.modules.loading: Transient module states were reset 
2025-01-13 10:15:59,343 165544 ERROR None odoo.modules.registry: Failed to load registry 
Traceback (most recent call last):
  File "/home/nikita/Work/OdooProjects/Odoo1/odoo/odoo/modules/registry.py", line 110, in new
    odoo.modules.load_modules(registry, force_demo, status, update_module)
  File "/home/nikita/Work/OdooProjects/Odoo1/odoo/odoo/modules/loading.py", line 481, in load_modules
    processed_modules += load_marked_modules(env, graph,
  File "/home/nikita/Work/OdooProjects/Odoo1/odoo/odoo/modules/loading.py", line 365, in load_marked_modules
    loaded, processed = load_module_graph(
  File "/home/nikita/Work/OdooProjects/Odoo1/odoo/odoo/modules/loading.py", line 206, in load_module_graph
    registry.init_models(env.cr, model_names, {'module': package.name}, new_install)
  File "/home/nikita/Work/OdooProjects/Odoo1/odoo/odoo/modules/registry.py", line 569, in init_models
    model._auto_init()
  File "/home/nikita/Work/OdooProjects/Odoo1/odoo/odoo/models.py", line 3167, in _auto_init
    columns = tools.table_columns(cr, self._table)
  File "/home/nikita/Work/OdooProjects/Odoo1/odoo/odoo/tools/sql.py", line 266, in table_columns
    return {row['column_name']: row for row in cr.dictfetchall()}
  File "/home/nikita/Work/OdooProjects/Odoo1/odoo/odoo/sql_db.py", line 291, in dictfetchall
    return [self.__build_dict(row) for row in self._obj.fetchall()]
psycopg2.InterfaceError: cursor already closed
2025-01-13 10:15:59,349 165544 ERROR None odoo.service.db: CREATE DATABASE failed: 
Traceback (most recent call last):
  File "/home/nikita/Work/OdooProjects/Odoo1/odoo/odoo/service/db.py", line 65, in _initialize_db
    registry = odoo.modules.registry.Registry.new(db_name, demo, None, update_module=True)
  File "<decorator-gen-16>", line 2, in new
  File "/home/nikita/Work/OdooProjects/Odoo1/odoo/odoo/tools/func.py", line 87, in locked
    return func(inst, *args, **kwargs)
  File "/home/nikita/Work/OdooProjects/Odoo1/odoo/odoo/modules/registry.py", line 110, in new
    odoo.modules.load_modules(registry, force_demo, status, update_module)
  File "/home/nikita/Work/OdooProjects/Odoo1/odoo/odoo/modules/loading.py", line 481, in load_modules
    processed_modules += load_marked_modules(env, graph,
  File "/home/nikita/Work/OdooProjects/Odoo1/odoo/odoo/modules/loading.py", line 365, in load_marked_modules
    loaded, processed = load_module_graph(
  File "/home/nikita/Work/OdooProjects/Odoo1/odoo/odoo/modules/loading.py", line 206, in load_module_graph
    registry.init_models(env.cr, model_names, {'module': package.name}, new_install)
  File "/home/nikita/Work/OdooProjects/Odoo1/odoo/odoo/modules/registry.py", line 569, in init_models
    model._auto_init()
  File "/home/nikita/Work/OdooProjects/Odoo1/odoo/odoo/models.py", line 3167, in _auto_init
    columns = tools.table_columns(cr, self._table)
  File "/home/nikita/Work/OdooProjects/Odoo1/odoo/odoo/tools/sql.py", line 266, in table_columns
    return {row['column_name']: row for row in cr.dictfetchall()}
  File "/home/nikita/Work/OdooProjects/Odoo1/odoo/odoo/sql_db.py", line 291, in dictfetchall
    return [self.__build_dict(row) for row in self._obj.fetchall()]
psycopg2.InterfaceError: cursor already closed
2025-01-13 10:15:59,351 165544 INFO ? werkzeug: 127.0.0.1 - - [13/Jan/2025 10:15:59] "GET /web/database/selector HTTP/1.1" 200 - 8 0.008 0.424
2025-01-13 10:15:59,356 165544 INFO None odoo.modules.loading: loading 1 modules... 
2025-01-13 10:15:59,362 165544 INFO None odoo.modules.loading: 1 modules loaded in 0.01s, 0 queries (+0 extra) 
2025-01-13 10:15:59,385 165544 INFO None odoo.modules.loading: Modules loaded. 
2025-01-13 10:15:59,387 165544 INFO None odoo.modules.registry: Registry loaded in 0.035s 
2025-01-13 10:15:59,390 165544 INFO None odoo.addons.base.models.res_users: Login failed for db:Test login:nik.vardu127@gmail.com from 127.0.0.1 
2025-01-13 10:15:59,390 165544 ERROR None odoo.addons.web.controllers.database: Database creation error. 
Traceback (most recent call last):
  File "/home/nikita/Work/OdooProjects/Odoo1/odoo/addons/web/controllers/database.py", line 82, in create
    request.session.authenticate(name, post['login'], password)
  File "/home/nikita/Work/OdooProjects/Odoo1/odoo/odoo/http.py", line 1022, in authenticate
    pre_uid = registry['res.users'].authenticate(dbname, login, password, wsgienv)
  File "/home/nikita/Work/OdooProjects/Odoo1/odoo/odoo/addons/base/models/res_users.py", line 913, in authenticate
    uid = cls._login(db, login, password, user_agent_env=user_agent_env)
  File "/home/nikita/Work/OdooProjects/Odoo1/odoo/odoo/addons/base/models/res_users.py", line 886, in _login
    raise AccessDenied()
odoo.exceptions.AccessDenied: Access Denied
2025-01-13 10:15:59,759 165544 INFO None odoo.sql_db: ConnectionPool(used=2/count=4/max=64): Closed 1 connections to 'user=odoo password=xxx dbname=Test host=localhost port=5432 application_name=odoo-165544 sslmode=prefer' 
2025-01-13 10:15:59,788 165544 INFO None werkzeug: 127.0.0.1 - - [13/Jan/2025 10:15:59] "POST /web/database/create HTTP/1.1" 200 - 14549 3.378 5.188
2025-01-13 10:15:59,875 165544 INFO ? werkzeug: 127.0.0.1 - - [13/Jan/2025 10:15:59] "GET /web/service-worker.js HTTP/1.1" 404 - 1 0.001 0.007
2025-01-13 10:16:01,681 165544 INFO ? werkzeug: 127.0.0.1 - - [13/Jan/2025 10:16:01] "GET /web/service-worker.js HTTP/1.1" 404 - 1 0.001 0.007
2025-01-13 10:16:26,503 165544 INFO ? werkzeug: 127.0.0.1 - - [13/Jan/2025 10:16:26] "GET /web?db=test HTTP/1.1" 302 - 1 0.001 0.008
2025-01-13 10:16:26,510 165544 INFO ? odoo.modules.loading: loading 1 modules... 
2025-01-13 10:16:26,514 165544 INFO ? odoo.modules.loading: 1 modules loaded in 0.00s, 0 queries (+0 extra) 
2025-01-13 10:16:26,519 165544 WARNING ? odoo.modules.graph: module web_responsive: not installable, skipped 
2025-01-13 10:16:26,520 165544 INFO ? odoo.modules.loading: loading 23 modules... 
2025-01-13 10:16:26,679 165544 INFO ? odoo.modules.loading: 23 modules loaded in 0.16s, 0 queries (+0 extra) 
2025-01-13 10:16:26,714 165544 ERROR ? odoo.modules.loading: Some modules are not loaded, some dependencies or manifest may be missing: ['web_responsive'] 
2025-01-13 10:16:26,714 165544 INFO ? odoo.modules.loading: Modules loaded. 
2025-01-13 10:16:26,716 165544 INFO ? odoo.modules.registry: Registry loaded in 0.209s 
2025-01-13 10:16:26,716 165544 INFO test odoo.addons.base.models.ir_http: Generating routing map for key None 
2025-01-13 10:16:26,761 165544 INFO test odoo.addons.base.models.ir_attachment: _read_file reading /home/nikita/Work/OdooProjects/Odoo1/data/filestore/test/74/744fc247b813c44f4cf02357706e88b283cb0f97 
Traceback (most recent call last):
  File "/home/nikita/Work/OdooProjects/Odoo1/odoo/odoo/tools/cache.py", line 99, in lookup
    r = d[key]
  File "<decorator-gen-5>", line 2, in __getitem__
  File "/home/nikita/Work/OdooProjects/Odoo1/odoo/odoo/tools/func.py", line 87, in locked
    return func(inst, *args, **kwargs)
  File "/home/nikita/Work/OdooProjects/Odoo1/odoo/odoo/tools/lru.py", line 34, in __getitem__
    a = self.d[obj]
KeyError: ('ir.ui.menu', <function IrUiMenu.load_menus at 0x7994e1e6c670>, 2, '', ('en_US',))

During handling of the above exception, another exception occurred:

Traceback (most recent call last):
  File "/home/nikita/Work/OdooProjects/Odoo1/odoo/odoo/addons/base/models/ir_attachment.py", line 128, in _file_read
    with open(full_path, 'rb') as f:
FileNotFoundError: [Errno 2] No such file or directory: '/home/nikita/Work/OdooProjects/Odoo1/data/filestore/test/74/744fc247b813c44f4cf02357706e88b283cb0f97'
2025-01-13 10:16:26,761 165544 INFO test odoo.addons.base.models.ir_attachment: _read_file reading /home/nikita/Work/OdooProjects/Odoo1/data/filestore/test/3d/3d7a7360fe4a73a90dd3b4ba554a9254ed61e864 
Traceback (most recent call last):
  File "/home/nikita/Work/OdooProjects/Odoo1/odoo/odoo/tools/cache.py", line 99, in lookup
    r = d[key]
  File "<decorator-gen-5>", line 2, in __getitem__
  File "/home/nikita/Work/OdooProjects/Odoo1/odoo/odoo/tools/func.py", line 87, in locked
    return func(inst, *args, **kwargs)
  File "/home/nikita/Work/OdooProjects/Odoo1/odoo/odoo/tools/lru.py", line 34, in __getitem__
    a = self.d[obj]
KeyError: ('ir.ui.menu', <function IrUiMenu.load_menus at 0x7994e1e6c670>, 2, '', ('en_US',))

During handling of the above exception, another exception occurred:

Traceback (most recent call last):
  File "/home/nikita/Work/OdooProjects/Odoo1/odoo/odoo/addons/base/models/ir_attachment.py", line 128, in _file_read
    with open(full_path, 'rb') as f:
FileNotFoundError: [Errno 2] No such file or directory: '/home/nikita/Work/OdooProjects/Odoo1/data/filestore/test/3d/3d7a7360fe4a73a90dd3b4ba554a9254ed61e864'
2025-01-13 10:16:26,762 165544 INFO test odoo.addons.base.models.ir_attachment: _read_file reading /home/nikita/Work/OdooProjects/Odoo1/data/filestore/test/b7/b73a9deb85def8a1a00e4d545c4f79747d78f487 
Traceback (most recent call last):
  File "/home/nikita/Work/OdooProjects/Odoo1/odoo/odoo/tools/cache.py", line 99, in lookup
    r = d[key]
  File "<decorator-gen-5>", line 2, in __getitem__
  File "/home/nikita/Work/OdooProjects/Odoo1/odoo/odoo/tools/func.py", line 87, in locked
    return func(inst, *args, **kwargs)
  File "/home/nikita/Work/OdooProjects/Odoo1/odoo/odoo/tools/lru.py", line 34, in __getitem__
    a = self.d[obj]
KeyError: ('ir.ui.menu', <function IrUiMenu.load_menus at 0x7994e1e6c670>, 2, '', ('en_US',))

During handling of the above exception, another exception occurred:

Traceback (most recent call last):
  File "/home/nikita/Work/OdooProjects/Odoo1/odoo/odoo/addons/base/models/ir_attachment.py", line 128, in _file_read
    with open(full_path, 'rb') as f:
FileNotFoundError: [Errno 2] No such file or directory: '/home/nikita/Work/OdooProjects/Odoo1/data/filestore/test/b7/b73a9deb85def8a1a00e4d545c4f79747d78f487'
2025-01-13 10:16:26,863 165544 INFO test werkzeug: 127.0.0.1 - - [13/Jan/2025 10:16:26] "GET /web?db=test HTTP/1.1" 200 - 94 0.030 0.327
2025-01-13 10:16:27,594 165544 INFO test werkzeug: 127.0.0.1 - - [13/Jan/2025 10:16:27] "GET /bus/websocket_worker_bundle?v=17.0-1 HTTP/1.1" 304 - 4 0.001 0.003
2025-01-13 10:16:27,624 165544 INFO test werkzeug: 127.0.0.1 - - [13/Jan/2025 10:16:27] "POST /web/dataset/call_kw/res.users/systray_get_activities HTTP/1.1" 200 - 5 0.003 0.008
2025-01-13 10:16:27,628 165544 INFO test werkzeug: 127.0.0.1 - - [13/Jan/2025 10:16:27] "POST /mail/init_messaging HTTP/1.1" 200 - 55 0.016 0.018
2025-01-13 10:16:27,653 165544 INFO test werkzeug: 127.0.0.1 - - [13/Jan/2025 10:16:27] "POST /web/action/load HTTP/1.1" 200 - 6 0.002 0.006
2025-01-13 10:16:27,663 165544 INFO test werkzeug: 127.0.0.1 - - [13/Jan/2025 10:16:27] "GET /web/image?model=res.users&field=avatar_128&id=2 HTTP/1.1" 304 - 15 0.009 0.010
2025-01-13 10:16:27,701 165544 INFO test werkzeug: 127.0.0.1 - - [13/Jan/2025 10:16:27] "POST /mail/load_message_failures HTTP/1.1" 200 - 3 0.002 0.004
2025-01-13 10:16:27,711 165544 INFO test werkzeug: 127.0.0.1 - - [13/Jan/2025 10:16:27] "GET /web/manifest.webmanifest HTTP/1.1" 200 - 9 0.003 0.005
2025-01-13 10:16:27,739 165544 INFO test werkzeug: 127.0.0.1 - - [13/Jan/2025 10:16:27] "GET /websocket?version=17.0-1 HTTP/1.1" 101 - 1 0.001 0.003
2025-01-13 10:16:27,747 165544 INFO test werkzeug: 127.0.0.1 - - [13/Jan/2025 10:16:27] "POST /mail/inbox/messages HTTP/1.1" 200 - 7 0.002 0.004
2025-01-13 10:16:28,050 165544 INFO ? odoo.addons.bus.models.bus: Bus.loop listen imbus on db postgres 
2025-01-13 10:16:29,358 165544 INFO test werkzeug: 127.0.0.1 - - [13/Jan/2025 10:16:29] "GET /web/service-worker.js HTTP/1.1" 200 - 1 0.000 0.002
2025-01-13 10:16:47,673 165544 WARNING Test odoo.addons.base.models.ir_cron: Skipping database Test because of modules to install/upgrade/remove. 
2025-01-13 10:16:48,699 165544 WARNING Test odoo.addons.base.models.ir_cron: Skipping database Test because of modules to install/upgrade/remove. 
2025-01-13 10:17:47,678 165544 WARNING Test odoo.addons.base.models.ir_cron: Skipping database Test because of modules to install/upgrade/remove. 
2025-01-13 10:17:49,752 165544 WARNING Test odoo.addons.base.models.ir_cron: Skipping database Test because of modules to install/upgrade/remove. 
2025-01-13 10:18:47,720 165544 WARNING Test odoo.addons.base.models.ir_cron: Skipping database Test because of modules to install/upgrade/remove. 
2025-01-13 10:18:50,825 165544 WARNING Test odoo.addons.base.models.ir_cron: Skipping database Test because of modules to install/upgrade/remove. 
2025-01-13 10:19:47,732 165544 WARNING Test odoo.addons.base.models.ir_cron: Skipping database Test because of modules to install/upgrade/remove. 
2025-01-13 10:19:51,897 165544 WARNING Test odoo.addons.base.models.ir_cron: Skipping database Test because of modules to install/upgrade/remove. 
2025-01-13 10:20:47,753 165544 WARNING Test odoo.addons.base.models.ir_cron: Skipping database Test because of modules to install/upgrade/remove. 
2025-01-13 10:20:52,941 165544 WARNING Test odoo.addons.base.models.ir_cron: Skipping database Test because of modules to install/upgrade/remove. 
2025-01-13 10:21:47,755 165544 WARNING Test odoo.addons.base.models.ir_cron: Skipping database Test because of modules to install/upgrade/remove. 
2025-01-13 10:21:54,014 165544 WARNING Test odoo.addons.base.models.ir_cron: Skipping database Test because of modules to install/upgrade/remove. 
2025-01-13 10:22:47,817 165544 WARNING Test odoo.addons.base.models.ir_cron: Skipping database Test because of modules to install/upgrade/remove. 
2025-01-13 10:22:55,038 165544 WARNING Test odoo.addons.base.models.ir_cron: Skipping database Test because of modules to install/upgrade/remove. 
2025-01-13 10:23:47,871 165544 WARNING Test odoo.addons.base.models.ir_cron: Skipping database Test because of modules to install/upgrade/remove. 
2025-01-13 10:23:56,111 165544 WARNING Test odoo.addons.base.models.ir_cron: Skipping database Test because of modules to install/upgrade/remove. 
2025-01-13 10:24:47,920 165544 WARNING Test odoo.addons.base.models.ir_cron: Skipping database Test because of modules to install/upgrade/remove. 
2025-01-13 10:24:57,137 165544 WARNING Test odoo.addons.base.models.ir_cron: Skipping database Test because of modules to install/upgrade/remove. 
2025-01-13 10:25:47,938 165544 WARNING Test odoo.addons.base.models.ir_cron: Skipping database Test because of modules to install/upgrade/remove. 
2025-01-13 10:25:58,174 165544 WARNING Test odoo.addons.base.models.ir_cron: Skipping database Test because of modules to install/upgrade/remove. 
2025-01-13 10:26:47,943 165544 WARNING Test odoo.addons.base.models.ir_cron: Skipping database Test because of modules to install/upgrade/remove. 
2025-01-13 10:26:59,210 165544 WARNING Test odoo.addons.base.models.ir_cron: Skipping database Test because of modules to install/upgrade/remove. 
